#2026 06 07 21:32:29.419#Z#DEBUG#45480c39-62b8-11f1-9935-eeee0a9a8a76.approval-inbox-db-deployer#flowable-async-job-executor-thread-5047#
[PollStageAppStatusExecution] 6eef0946-771d-497a-857e-87dd2c5623e4 [2026-06-07T21:31:43.007568] Added process: "web" (STDOUT, API)#
#2026 06 07 21:32:29.419#Z#DEBUG#45480c39-62b8-11f1-9935-eeee0a9a8a76.approval-inbox-db-deployer#flowable-async-job-executor-thread-5047#
[PollStageAppStatusExecution] 6eef0946-771d-497a-857e-87dd2c5623e4 [2026-06-07T21:31:43.016575] Created app with guid 6eef0946-771d-497a-857e-87dd2c5623e4 (STDOUT, API)#
#2026 06 07 21:32:29.419#Z#DEBUG#45480c39-62b8-11f1-9935-eeee0a9a8a76.approval-inbox-db-deployer#flowable-async-job-executor-thread-5047#
[PollStageAppStatusExecution] 6eef0946-771d-497a-857e-87dd2c5623e4 [2026-06-07T21:31:43.119351] Updating process: "web" (STDOUT, API)#
#2026 06 07 21:32:29.419#Z#DEBUG#45480c39-62b8-11f1-9935-eeee0a9a8a76.approval-inbox-db-deployer#flowable-async-job-executor-thread-5047#
[PollStageAppStatusExecution] 6eef0946-771d-497a-857e-87dd2c5623e4 [2026-06-07T21:31:43.203091] Scaling process: "web" (STDOUT, API)#
#2026 06 07 21:32:29.419#Z#DEBUG#45480c39-62b8-11f1-9935-eeee0a9a8a76.approval-inbox-db-deployer#flowable-async-job-executor-thread-5047#
[PollStageAppStatusExecution] 6eef0946-771d-497a-857e-87dd2c5623e4 [2026-06-07T21:32:09.653540] Uploading app package for app with guid 6eef0946-771d-497a-857e-87dd2c5623e4 (STDOUT, API)#
#2026 06 07 21:32:29.419#Z#DEBUG#45480c39-62b8-11f1-9935-eeee0a9a8a76.approval-inbox-db-deployer#flowable-async-job-executor-thread-5047#
[PollStageAppStatusExecution] 6eef0946-771d-497a-857e-87dd2c5623e4 [2026-06-07T21:32:09.951561] Updated app with guid 6eef0946-771d-497a-857e-87dd2c5623e4 ({"environment_variables"=>"[PRIVATE DATA HIDDEN]"}) (STDOUT, API)#
#2026 06 07 21:32:29.419#Z#DEBUG#45480c39-62b8-11f1-9935-eeee0a9a8a76.approval-inbox-db-deployer#flowable-async-job-executor-thread-5047#
[PollStageAppStatusExecution] 6eef0946-771d-497a-857e-87dd2c5623e4 [2026-06-07T21:32:19.577764] Creating build for app with guid 6eef0946-771d-497a-857e-87dd2c5623e4 (STDOUT, API)#
#2026 06 07 21:32:29.419#Z#DEBUG#45480c39-62b8-11f1-9935-eeee0a9a8a76.approval-inbox-db-deployer#flowable-async-job-executor-thread-5047#
[PollStageAppStatusExecution] 6eef0946-771d-497a-857e-87dd2c5623e4 [2026-06-07T21:32:19.885754] Downloading nodejs_buildpack... (STDOUT, STG)#
#2026 06 07 21:32:29.419#Z#DEBUG#45480c39-62b8-11f1-9935-eeee0a9a8a76.approval-inbox-db-deployer#flowable-async-job-executor-thread-5047#
[PollStageAppStatusExecution] 6eef0946-771d-497a-857e-87dd2c5623e4 [2026-06-07T21:32:19.949114] Downloaded nodejs_buildpack (STDOUT, STG)#
#2026 06 07 21:32:29.419#Z#DEBUG#45480c39-62b8-11f1-9935-eeee0a9a8a76.approval-inbox-db-deployer#flowable-async-job-executor-thread-5047#
[PollStageAppStatusExecution] 6eef0946-771d-497a-857e-87dd2c5623e4 [2026-06-07T21:32:19.949194] Cell 54b50d35-322b-4617-baa3-c13476b47cb5 creating container for instance 09f0baee-e3a2-4404-a345-57c06ed31e20 (STDOUT, STG)#
#2026 06 07 21:32:29.419#Z#DEBUG#45480c39-62b8-11f1-9935-eeee0a9a8a76.approval-inbox-db-deployer#flowable-async-job-executor-thread-5047#
[PollStageAppStatusExecution] 6eef0946-771d-497a-857e-87dd2c5623e4 [2026-06-07T21:32:20.806242] Security group rules were updated (STDOUT, STG)#
#2026 06 07 21:32:29.419#Z#DEBUG#45480c39-62b8-11f1-9935-eeee0a9a8a76.approval-inbox-db-deployer#flowable-async-job-executor-thread-5047#
[PollStageAppStatusExecution] 6eef0946-771d-497a-857e-87dd2c5623e4 [2026-06-07T21:32:20.945624] Cell 54b50d35-322b-4617-baa3-c13476b47cb5 successfully created container for instance 09f0baee-e3a2-4404-a345-57c06ed31e20 (STDOUT, STG)#
#2026 06 07 21:32:29.419#Z#DEBUG#45480c39-62b8-11f1-9935-eeee0a9a8a76.approval-inbox-db-deployer#flowable-async-job-executor-thread-5047#
[PollStageAppStatusExecution] 6eef0946-771d-497a-857e-87dd2c5623e4 [2026-06-07T21:32:22.171886] Downloading app package... (STDOUT, STG)#
#2026 06 07 21:32:29.419#Z#DEBUG#45480c39-62b8-11f1-9935-eeee0a9a8a76.approval-inbox-db-deployer#flowable-async-job-executor-thread-5047#
[PollStageAppStatusExecution] 6eef0946-771d-497a-857e-87dd2c5623e4 [2026-06-07T21:32:22.575180] Downloaded app package (2.2M) (STDOUT, STG)#
#2026 06 07 21:32:29.419#Z#DEBUG#45480c39-62b8-11f1-9935-eeee0a9a8a76.approval-inbox-db-deployer#flowable-async-job-executor-thread-5047#
[PollStageAppStatusExecution] 6eef0946-771d-497a-857e-87dd2c5623e4 [2026-06-07T21:32:22.713775] -----> Nodejs Buildpack version 1.8.44 (STDOUT, STG)#
#2026 06 07 21:32:29.419#Z#DEBUG#45480c39-62b8-11f1-9935-eeee0a9a8a76.approval-inbox-db-deployer#flowable-async-job-executor-thread-5047#
[PollStageAppStatusExecution] 6eef0946-771d-497a-857e-87dd2c5623e4 [2026-06-07T21:32:22.917978] -----> Bootstrapping python (STDOUT, STG)#
#2026 06 07 21:32:29.419#Z#DEBUG#45480c39-62b8-11f1-9935-eeee0a9a8a76.approval-inbox-db-deployer#flowable-async-job-executor-thread-5047#
[PollStageAppStatusExecution] 6eef0946-771d-497a-857e-87dd2c5623e4 [2026-06-07T21:32:22.918023] -----> Installing python 3.11.14 (STDOUT, STG)#
#2026 06 07 21:32:29.419#Z#DEBUG#45480c39-62b8-11f1-9935-eeee0a9a8a76.approval-inbox-db-deployer#flowable-async-job-executor-thread-5047#
[PollStageAppStatusExecution] 6eef0946-771d-497a-857e-87dd2c5623e4 [2026-06-07T21:32:22.918106] Copy [/tmp/buildpacks/ee597f2be8090397/dependencies/b5e0345ae0ae1932e7d56fffaa49a487/python_3.11.14_linux_x64_cflinuxfs4_66f53248.tgz] (STDOUT, STG)#
#2026 06 07 21:32:29.419#Z#DEBUG#45480c39-62b8-11f1-9935-eeee0a9a8a76.approval-inbox-db-deployer#flowable-async-job-executor-thread-5047#
[PollStageAppStatusExecution] 6eef0946-771d-497a-857e-87dd2c5623e4 [2026-06-07T21:32:28.091696] -----> Installing binaries (STDOUT, STG)#
#2026 06 07 21:32:29.419#Z#DEBUG#45480c39-62b8-11f1-9935-eeee0a9a8a76.approval-inbox-db-deployer#flowable-async-job-executor-thread-5047#
[PollStageAppStatusExecution] 6eef0946-771d-497a-857e-87dd2c5623e4 [2026-06-07T21:32:28.091862] engines.node (package.json): unspecified (STDOUT, STG)#
#2026 06 07 21:32:29.419#Z#DEBUG#45480c39-62b8-11f1-9935-eeee0a9a8a76.approval-inbox-db-deployer#flowable-async-job-executor-thread-5047#
[PollStageAppStatusExecution] 6eef0946-771d-497a-857e-87dd2c5623e4 [2026-06-07T21:32:28.091876] engines.npm (package.json): unspecified (use default) (STDOUT, STG)#
#2026 06 07 21:32:29.419#Z#DEBUG#45480c39-62b8-11f1-9935-eeee0a9a8a76.approval-inbox-db-deployer#flowable-async-job-executor-thread-5047#
[PollStageAppStatusExecution] 6eef0946-771d-497a-857e-87dd2c5623e4 [2026-06-07T21:32:28.091881] [31;1m**WARNING**[0m Node version not specified in package.json or .nvmrc. See: http://docs.cloudfoundry.org/buildpacks/node/node-tips.html (STDOUT, STG)#
#2026 06 07 21:32:29.419#Z#DEBUG#45480c39-62b8-11f1-9935-eeee0a9a8a76.approval-inbox-db-deployer#flowable-async-job-executor-thread-5047#
[PollStageAppStatusExecution] 6eef0946-771d-497a-857e-87dd2c5623e4 [2026-06-07T21:32:28.091968] -----> Installing node 22.22.0 (STDOUT, STG)#
#2026 06 07 21:32:29.419#Z#DEBUG#45480c39-62b8-11f1-9935-eeee0a9a8a76.approval-inbox-db-deployer#flowable-async-job-executor-thread-5047#
[PollStageAppStatusExecution] 6eef0946-771d-497a-857e-87dd2c5623e4 [2026-06-07T21:32:28.092289] Copy [/tmp/buildpacks/ee597f2be8090397/dependencies/65c50d3a8311e7796847437aebc5aebd/node_22.22.0_linux_x64_cflinuxfs4_a73ffe6d.tgz] (STDOUT, STG)#
#2026 06 07 21:32:39.476#Z#DEBUG#45480c39-62b8-11f1-9935-eeee0a9a8a76.approval-inbox-db-deployer#flowable-async-job-executor-thread-5052#
[PollStageAppStatusExecution] 6eef0946-771d-497a-857e-87dd2c5623e4 [2026-06-07T21:32:31.415412] Using default npm version: 10.9.4 (STDOUT, STG)#
#2026 06 07 21:32:39.476#Z#DEBUG#45480c39-62b8-11f1-9935-eeee0a9a8a76.approval-inbox-db-deployer#flowable-async-job-executor-thread-5052#
[PollStageAppStatusExecution] 6eef0946-771d-497a-857e-87dd2c5623e4 [2026-06-07T21:32:31.415432] -----> Installing yarn 1.22.22 (STDOUT, STG)#
#2026 06 07 21:32:39.476#Z#DEBUG#45480c39-62b8-11f1-9935-eeee0a9a8a76.approval-inbox-db-deployer#flowable-async-job-executor-thread-5052#
[PollStageAppStatusExecution] 6eef0946-771d-497a-857e-87dd2c5623e4 [2026-06-07T21:32:31.415627] Copy [/tmp/buildpacks/ee597f2be8090397/dependencies/e3a39aedd1236924d69cc2d0637a8ed2/yarn_1.22.22_linux_noarch_any-stack_4911d0a6.tgz] (STDOUT, STG)#
#2026 06 07 21:32:39.476#Z#DEBUG#45480c39-62b8-11f1-9935-eeee0a9a8a76.approval-inbox-db-deployer#flowable-async-job-executor-thread-5052#
[PollStageAppStatusExecution] 6eef0946-771d-497a-857e-87dd2c5623e4 [2026-06-07T21:32:31.873705] Installed yarn 1.22.22 (STDOUT, STG)#
#2026 06 07 21:32:39.476#Z#DEBUG#45480c39-62b8-11f1-9935-eeee0a9a8a76.approval-inbox-db-deployer#flowable-async-job-executor-thread-5052#
[PollStageAppStatusExecution] 6eef0946-771d-497a-857e-87dd2c5623e4 [2026-06-07T21:32:31.873830] -----> Creating runtime environment (STDOUT, STG)#
#2026 06 07 21:32:39.476#Z#DEBUG#45480c39-62b8-11f1-9935-eeee0a9a8a76.approval-inbox-db-deployer#flowable-async-job-executor-thread-5052#
[PollStageAppStatusExecution] 6eef0946-771d-497a-857e-87dd2c5623e4 [2026-06-07T21:32:31.876291] NODE_ENV=production (STDOUT, STG)#
#2026 06 07 21:32:39.476#Z#DEBUG#45480c39-62b8-11f1-9935-eeee0a9a8a76.approval-inbox-db-deployer#flowable-async-job-executor-thread-5052#
[PollStageAppStatusExecution] 6eef0946-771d-497a-857e-87dd2c5623e4 [2026-06-07T21:32:31.876355] NODE_HOME=/tmp/contents2157789510/deps/0/node (STDOUT, STG)#
#2026 06 07 21:32:39.476#Z#DEBUG#45480c39-62b8-11f1-9935-eeee0a9a8a76.approval-inbox-db-deployer#flowable-async-job-executor-thread-5052#
[PollStageAppStatusExecution] 6eef0946-771d-497a-857e-87dd2c5623e4 [2026-06-07T21:32:31.876436] NODE_MODULES_CACHE=true (STDOUT, STG)#
#2026 06 07 21:32:39.476#Z#DEBUG#45480c39-62b8-11f1-9935-eeee0a9a8a76.approval-inbox-db-deployer#flowable-async-job-executor-thread-5052#
[PollStageAppStatusExecution] 6eef0946-771d-497a-857e-87dd2c5623e4 [2026-06-07T21:32:31.876498] NODE_VERBOSE=false (STDOUT, STG)#
#2026 06 07 21:32:39.476#Z#DEBUG#45480c39-62b8-11f1-9935-eeee0a9a8a76.approval-inbox-db-deployer#flowable-async-job-executor-thread-5052#
[PollStageAppStatusExecution] 6eef0946-771d-497a-857e-87dd2c5623e4 [2026-06-07T21:32:31.876596] NPM_CONFIG_LOGLEVEL=error (STDOUT, STG)#
#2026 06 07 21:32:39.476#Z#DEBUG#45480c39-62b8-11f1-9935-eeee0a9a8a76.approval-inbox-db-deployer#flowable-async-job-executor-thread-5052#
[PollStageAppStatusExecution] 6eef0946-771d-497a-857e-87dd2c5623e4 [2026-06-07T21:32:31.876605] NPM_CONFIG_PRODUCTION=true (STDOUT, STG)#
#2026 06 07 21:32:39.476#Z#DEBUG#45480c39-62b8-11f1-9935-eeee0a9a8a76.approval-inbox-db-deployer#flowable-async-job-executor-thread-5052#
[PollStageAppStatusExecution] 6eef0946-771d-497a-857e-87dd2c5623e4 [2026-06-07T21:32:31.876818] -----> Building dependencies (STDOUT, STG)#
#2026 06 07 21:32:39.476#Z#DEBUG#45480c39-62b8-11f1-9935-eeee0a9a8a76.approval-inbox-db-deployer#flowable-async-job-executor-thread-5052#
[PollStageAppStatusExecution] 6eef0946-771d-497a-857e-87dd2c5623e4 [2026-06-07T21:32:31.876828] Prebuild detected (node_modules already exists) (STDOUT, STG)#
#2026 06 07 21:32:39.476#Z#DEBUG#45480c39-62b8-11f1-9935-eeee0a9a8a76.approval-inbox-db-deployer#flowable-async-job-executor-thread-5052#
[PollStageAppStatusExecution] 6eef0946-771d-497a-857e-87dd2c5623e4 [2026-06-07T21:32:31.876986] Rebuilding any native modules (STDOUT, STG)#
#2026 06 07 21:32:39.476#Z#DEBUG#45480c39-62b8-11f1-9935-eeee0a9a8a76.approval-inbox-db-deployer#flowable-async-job-executor-thread-5052#
[PollStageAppStatusExecution] 6eef0946-771d-497a-857e-87dd2c5623e4 [2026-06-07T21:32:32.549814] rebuilt dependencies successfully (STDOUT, STG)#
#2026 06 07 21:32:39.476#Z#DEBUG#45480c39-62b8-11f1-9935-eeee0a9a8a76.approval-inbox-db-deployer#flowable-async-job-executor-thread-5052#
[PollStageAppStatusExecution] 6eef0946-771d-497a-857e-87dd2c5623e4 [2026-06-07T21:32:32.635278] Installing any new modules (package.json + package-lock.json) (STDOUT, STG)#
#2026 06 07 21:32:39.476#Z#DEBUG#45480c39-62b8-11f1-9935-eeee0a9a8a76.approval-inbox-db-deployer#flowable-async-job-executor-thread-5052#
[PollStageAppStatusExecution] 6eef0946-771d-497a-857e-87dd2c5623e4 [2026-06-07T21:32:33.179038] up to date in 456ms (STDOUT, STG)#
#2026 06 07 21:32:39.476#Z#DEBUG#45480c39-62b8-11f1-9935-eeee0a9a8a76.approval-inbox-db-deployer#flowable-async-job-executor-thread-5052#
[PollStageAppStatusExecution] 6eef0946-771d-497a-857e-87dd2c5623e4 [2026-06-07T21:32:33.179213] 3 packages are looking for funding (STDOUT, STG)#
#2026 06 07 21:32:39.476#Z#DEBUG#45480c39-62b8-11f1-9935-eeee0a9a8a76.approval-inbox-db-deployer#flowable-async-job-executor-thread-5052#
[PollStageAppStatusExecution] 6eef0946-771d-497a-857e-87dd2c5623e4 [2026-06-07T21:32:33.179241] run `npm fund` for details (STDOUT, STG)#
#2026 06 07 21:32:39.476#Z#DEBUG#45480c39-62b8-11f1-9935-eeee0a9a8a76.approval-inbox-db-deployer#flowable-async-job-executor-thread-5052#
[PollStageAppStatusExecution] 6eef0946-771d-497a-857e-87dd2c5623e4 [2026-06-07T21:32:33.880830] Contrast Security no credentials found. Will not write environment files. (STDOUT, STG)#
#2026 06 07 21:32:49.478#Z#DEBUG#45480c39-62b8-11f1-9935-eeee0a9a8a76.approval-inbox-db-deployer#flowable-async-job-executor-thread-5056#
[PollStageAppStatusExecution] 6eef0946-771d-497a-857e-87dd2c5623e4 [2026-06-07T21:32:45.272483] Exit status 0 (STDOUT, STG)#
#2026 06 07 21:32:49.478#Z#DEBUG#45480c39-62b8-11f1-9935-eeee0a9a8a76.approval-inbox-db-deployer#flowable-async-job-executor-thread-5056#
[PollStageAppStatusExecution] 6eef0946-771d-497a-857e-87dd2c5623e4 [2026-06-07T21:32:45.272530] Uploading droplet, build artifacts cache... (STDOUT, STG)#
#2026 06 07 21:32:49.478#Z#DEBUG#45480c39-62b8-11f1-9935-eeee0a9a8a76.approval-inbox-db-deployer#flowable-async-job-executor-thread-5056#
[PollStageAppStatusExecution] 6eef0946-771d-497a-857e-87dd2c5623e4 [2026-06-07T21:32:45.272586] Uploading droplet... (STDOUT, STG)#
#2026 06 07 21:32:49.478#Z#DEBUG#45480c39-62b8-11f1-9935-eeee0a9a8a76.approval-inbox-db-deployer#flowable-async-job-executor-thread-5056#
[PollStageAppStatusExecution] 6eef0946-771d-497a-857e-87dd2c5623e4 [2026-06-07T21:32:45.272937] Uploading build artifacts cache... (STDOUT, STG)#
#2026 06 07 21:32:49.478#Z#DEBUG#45480c39-62b8-11f1-9935-eeee0a9a8a76.approval-inbox-db-deployer#flowable-async-job-executor-thread-5056#
[PollStageAppStatusExecution] 6eef0946-771d-497a-857e-87dd2c5623e4 [2026-06-07T21:32:45.323881] Uploaded build artifacts cache (219B) (STDOUT, STG)#
#2026 06 07 21:32:49.478#Z#DEBUG#45480c39-62b8-11f1-9935-eeee0a9a8a76.approval-inbox-db-deployer#flowable-async-job-executor-thread-5056#
[PollStageAppStatusExecution] 6eef0946-771d-497a-857e-87dd2c5623e4 [2026-06-07T21:32:46.164501] Creating droplet for app with guid 6eef0946-771d-497a-857e-87dd2c5623e4 (STDOUT, API)#
#2026 06 07 21:32:59.507#Z#DEBUG#45480c39-62b8-11f1-9935-eeee0a9a8a76.approval-inbox-db-deployer#flowable-async-job-executor-thread-5060#
[PollStageAppStatusExecution] 6eef0946-771d-497a-857e-87dd2c5623e4 [2026-06-07T21:32:49.251443] Uploaded droplet (58.8M) (STDOUT, STG)#
#2026 06 07 21:32:59.507#Z#DEBUG#45480c39-62b8-11f1-9935-eeee0a9a8a76.approval-inbox-db-deployer#flowable-async-job-executor-thread-5060#
[PollStageAppStatusExecution] 6eef0946-771d-497a-857e-87dd2c5623e4 [2026-06-07T21:32:49.287876] Uploading complete (STDOUT, STG)#
#2026 06 07 21:32:59.507#Z#DEBUG#45480c39-62b8-11f1-9935-eeee0a9a8a76.approval-inbox-db-deployer#flowable-async-job-executor-thread-5060#
[PollStageAppStatusExecution] 6eef0946-771d-497a-857e-87dd2c5623e4 [2026-06-07T21:32:50.027155] Cell 54b50d35-322b-4617-baa3-c13476b47cb5 stopping instance 09f0baee-e3a2-4404-a345-57c06ed31e20 (STDOUT, STG)#
#2026 06 07 21:32:59.507#Z#DEBUG#45480c39-62b8-11f1-9935-eeee0a9a8a76.approval-inbox-db-deployer#flowable-async-job-executor-thread-5060#
[PollStageAppStatusExecution] 6eef0946-771d-497a-857e-87dd2c5623e4 [2026-06-07T21:32:50.027193] Cell 54b50d35-322b-4617-baa3-c13476b47cb5 destroying container for instance 09f0baee-e3a2-4404-a345-57c06ed31e20 (STDOUT, STG)#
#2026 06 07 21:32:59.507#Z#DEBUG#45480c39-62b8-11f1-9935-eeee0a9a8a76.approval-inbox-db-deployer#flowable-async-job-executor-thread-5060#
[PollStageAppStatusExecution] 6eef0946-771d-497a-857e-87dd2c5623e4 [2026-06-07T21:32:50.090727] Staging complete for build 09f0baee-e3a2-4404-a345-57c06ed31e20 (STDOUT, API)#
#2026 06 07 21:32:59.507#Z#DEBUG#45480c39-62b8-11f1-9935-eeee0a9a8a76.approval-inbox-db-deployer#flowable-async-job-executor-thread-5060#
[PollStageAppStatusExecution] 6eef0946-771d-497a-857e-87dd2c5623e4 [2026-06-07T21:32:53.741125] Cell 54b50d35-322b-4617-baa3-c13476b47cb5 successfully destroyed container for instance 09f0baee-e3a2-4404-a345-57c06ed31e20 (STDOUT, STG)#
#2026 06 07 21:33:09.565#Z#DEBUG#45480c39-62b8-11f1-9935-eeee0a9a8a76.approval-inbox-db-deployer#flowable-async-job-executor-thread-1497#
[PollExecuteTaskStatusExecution] 6eef0946-771d-497a-857e-87dd2c5623e4 [2026-06-07T21:31:43.007568] Added process: "web" (STDOUT, API)#
#2026 06 07 21:33:09.565#Z#DEBUG#45480c39-62b8-11f1-9935-eeee0a9a8a76.approval-inbox-db-deployer#flowable-async-job-executor-thread-1497#
[PollExecuteTaskStatusExecution] 6eef0946-771d-497a-857e-87dd2c5623e4 [2026-06-07T21:31:43.016575] Created app with guid 6eef0946-771d-497a-857e-87dd2c5623e4 (STDOUT, API)#
#2026 06 07 21:33:09.565#Z#DEBUG#45480c39-62b8-11f1-9935-eeee0a9a8a76.approval-inbox-db-deployer#flowable-async-job-executor-thread-1497#
[PollExecuteTaskStatusExecution] 6eef0946-771d-497a-857e-87dd2c5623e4 [2026-06-07T21:31:43.119351] Updating process: "web" (STDOUT, API)#
#2026 06 07 21:33:09.565#Z#DEBUG#45480c39-62b8-11f1-9935-eeee0a9a8a76.approval-inbox-db-deployer#flowable-async-job-executor-thread-1497#
[PollExecuteTaskStatusExecution] 6eef0946-771d-497a-857e-87dd2c5623e4 [2026-06-07T21:31:43.203091] Scaling process: "web" (STDOUT, API)#
#2026 06 07 21:33:09.565#Z#DEBUG#45480c39-62b8-11f1-9935-eeee0a9a8a76.approval-inbox-db-deployer#flowable-async-job-executor-thread-1497#
[PollExecuteTaskStatusExecution] 6eef0946-771d-497a-857e-87dd2c5623e4 [2026-06-07T21:32:09.653540] Uploading app package for app with guid 6eef0946-771d-497a-857e-87dd2c5623e4 (STDOUT, API)#
#2026 06 07 21:33:09.565#Z#DEBUG#45480c39-62b8-11f1-9935-eeee0a9a8a76.approval-inbox-db-deployer#flowable-async-job-executor-thread-1497#
[PollExecuteTaskStatusExecution] 6eef0946-771d-497a-857e-87dd2c5623e4 [2026-06-07T21:32:09.951561] Updated app with guid 6eef0946-771d-497a-857e-87dd2c5623e4 ({"environment_variables"=>"[PRIVATE DATA HIDDEN]"}) (STDOUT, API)#
#2026 06 07 21:33:09.565#Z#DEBUG#45480c39-62b8-11f1-9935-eeee0a9a8a76.approval-inbox-db-deployer#flowable-async-job-executor-thread-1497#
[PollExecuteTaskStatusExecution] 6eef0946-771d-497a-857e-87dd2c5623e4 [2026-06-07T21:32:19.577764] Creating build for app with guid 6eef0946-771d-497a-857e-87dd2c5623e4 (STDOUT, API)#
#2026 06 07 21:33:09.565#Z#DEBUG#45480c39-62b8-11f1-9935-eeee0a9a8a76.approval-inbox-db-deployer#flowable-async-job-executor-thread-1497#
[PollExecuteTaskStatusExecution] 6eef0946-771d-497a-857e-87dd2c5623e4 [2026-06-07T21:32:19.885754] Downloading nodejs_buildpack... (STDOUT, STG)#
#2026 06 07 21:33:09.565#Z#DEBUG#45480c39-62b8-11f1-9935-eeee0a9a8a76.approval-inbox-db-deployer#flowable-async-job-executor-thread-1497#
[PollExecuteTaskStatusExecution] 6eef0946-771d-497a-857e-87dd2c5623e4 [2026-06-07T21:32:19.949114] Downloaded nodejs_buildpack (STDOUT, STG)#
#2026 06 07 21:33:09.565#Z#DEBUG#45480c39-62b8-11f1-9935-eeee0a9a8a76.approval-inbox-db-deployer#flowable-async-job-executor-thread-1497#
[PollExecuteTaskStatusExecution] 6eef0946-771d-497a-857e-87dd2c5623e4 [2026-06-07T21:32:19.949194] Cell 54b50d35-322b-4617-baa3-c13476b47cb5 creating container for instance 09f0baee-e3a2-4404-a345-57c06ed31e20 (STDOUT, STG)#
#2026 06 07 21:33:09.565#Z#DEBUG#45480c39-62b8-11f1-9935-eeee0a9a8a76.approval-inbox-db-deployer#flowable-async-job-executor-thread-1497#
[PollExecuteTaskStatusExecution] 6eef0946-771d-497a-857e-87dd2c5623e4 [2026-06-07T21:32:20.806242] Security group rules were updated (STDOUT, STG)#
#2026 06 07 21:33:09.565#Z#DEBUG#45480c39-62b8-11f1-9935-eeee0a9a8a76.approval-inbox-db-deployer#flowable-async-job-executor-thread-1497#
[PollExecuteTaskStatusExecution] 6eef0946-771d-497a-857e-87dd2c5623e4 [2026-06-07T21:32:20.945624] Cell 54b50d35-322b-4617-baa3-c13476b47cb5 successfully created container for instance 09f0baee-e3a2-4404-a345-57c06ed31e20 (STDOUT, STG)#
#2026 06 07 21:33:09.565#Z#DEBUG#45480c39-62b8-11f1-9935-eeee0a9a8a76.approval-inbox-db-deployer#flowable-async-job-executor-thread-1497#
[PollExecuteTaskStatusExecution] 6eef0946-771d-497a-857e-87dd2c5623e4 [2026-06-07T21:32:22.171886] Downloading app package... (STDOUT, STG)#
#2026 06 07 21:33:09.565#Z#DEBUG#45480c39-62b8-11f1-9935-eeee0a9a8a76.approval-inbox-db-deployer#flowable-async-job-executor-thread-1497#
[PollExecuteTaskStatusExecution] 6eef0946-771d-497a-857e-87dd2c5623e4 [2026-06-07T21:32:22.575180] Downloaded app package (2.2M) (STDOUT, STG)#
#2026 06 07 21:33:09.565#Z#DEBUG#45480c39-62b8-11f1-9935-eeee0a9a8a76.approval-inbox-db-deployer#flowable-async-job-executor-thread-1497#
[PollExecuteTaskStatusExecution] 6eef0946-771d-497a-857e-87dd2c5623e4 [2026-06-07T21:32:22.713775] -----> Nodejs Buildpack version 1.8.44 (STDOUT, STG)#
#2026 06 07 21:33:09.565#Z#DEBUG#45480c39-62b8-11f1-9935-eeee0a9a8a76.approval-inbox-db-deployer#flowable-async-job-executor-thread-1497#
[PollExecuteTaskStatusExecution] 6eef0946-771d-497a-857e-87dd2c5623e4 [2026-06-07T21:32:22.917978] -----> Bootstrapping python (STDOUT, STG)#
#2026 06 07 21:33:09.565#Z#DEBUG#45480c39-62b8-11f1-9935-eeee0a9a8a76.approval-inbox-db-deployer#flowable-async-job-executor-thread-1497#
[PollExecuteTaskStatusExecution] 6eef0946-771d-497a-857e-87dd2c5623e4 [2026-06-07T21:32:22.918023] -----> Installing python 3.11.14 (STDOUT, STG)#
#2026 06 07 21:33:09.565#Z#DEBUG#45480c39-62b8-11f1-9935-eeee0a9a8a76.approval-inbox-db-deployer#flowable-async-job-executor-thread-1497#
[PollExecuteTaskStatusExecution] 6eef0946-771d-497a-857e-87dd2c5623e4 [2026-06-07T21:32:22.918106] Copy [/tmp/buildpacks/ee597f2be8090397/dependencies/b5e0345ae0ae1932e7d56fffaa49a487/python_3.11.14_linux_x64_cflinuxfs4_66f53248.tgz] (STDOUT, STG)#
#2026 06 07 21:33:09.565#Z#DEBUG#45480c39-62b8-11f1-9935-eeee0a9a8a76.approval-inbox-db-deployer#flowable-async-job-executor-thread-1497#
[PollExecuteTaskStatusExecution] 6eef0946-771d-497a-857e-87dd2c5623e4 [2026-06-07T21:32:28.091696] -----> Installing binaries (STDOUT, STG)#
#2026 06 07 21:33:09.565#Z#DEBUG#45480c39-62b8-11f1-9935-eeee0a9a8a76.approval-inbox-db-deployer#flowable-async-job-executor-thread-1497#
[PollExecuteTaskStatusExecution] 6eef0946-771d-497a-857e-87dd2c5623e4 [2026-06-07T21:32:28.091862] engines.node (package.json): unspecified (STDOUT, STG)#
#2026 06 07 21:33:09.565#Z#DEBUG#45480c39-62b8-11f1-9935-eeee0a9a8a76.approval-inbox-db-deployer#flowable-async-job-executor-thread-1497#
[PollExecuteTaskStatusExecution] 6eef0946-771d-497a-857e-87dd2c5623e4 [2026-06-07T21:32:28.091876] engines.npm (package.json): unspecified (use default) (STDOUT, STG)#
#2026 06 07 21:33:09.565#Z#DEBUG#45480c39-62b8-11f1-9935-eeee0a9a8a76.approval-inbox-db-deployer#flowable-async-job-executor-thread-1497#
[PollExecuteTaskStatusExecution] 6eef0946-771d-497a-857e-87dd2c5623e4 [2026-06-07T21:32:28.091881] [31;1m**WARNING**[0m Node version not specified in package.json or .nvmrc. See: http://docs.cloudfoundry.org/buildpacks/node/node-tips.html (STDOUT, STG)#
#2026 06 07 21:33:09.565#Z#DEBUG#45480c39-62b8-11f1-9935-eeee0a9a8a76.approval-inbox-db-deployer#flowable-async-job-executor-thread-1497#
[PollExecuteTaskStatusExecution] 6eef0946-771d-497a-857e-87dd2c5623e4 [2026-06-07T21:32:28.091968] -----> Installing node 22.22.0 (STDOUT, STG)#
#2026 06 07 21:33:09.565#Z#DEBUG#45480c39-62b8-11f1-9935-eeee0a9a8a76.approval-inbox-db-deployer#flowable-async-job-executor-thread-1497#
[PollExecuteTaskStatusExecution] 6eef0946-771d-497a-857e-87dd2c5623e4 [2026-06-07T21:32:28.092289] Copy [/tmp/buildpacks/ee597f2be8090397/dependencies/65c50d3a8311e7796847437aebc5aebd/node_22.22.0_linux_x64_cflinuxfs4_a73ffe6d.tgz] (STDOUT, STG)#
#2026 06 07 21:33:09.565#Z#DEBUG#45480c39-62b8-11f1-9935-eeee0a9a8a76.approval-inbox-db-deployer#flowable-async-job-executor-thread-1497#
[PollExecuteTaskStatusExecution] 6eef0946-771d-497a-857e-87dd2c5623e4 [2026-06-07T21:32:31.415412] Using default npm version: 10.9.4 (STDOUT, STG)#
#2026 06 07 21:33:09.565#Z#DEBUG#45480c39-62b8-11f1-9935-eeee0a9a8a76.approval-inbox-db-deployer#flowable-async-job-executor-thread-1497#
[PollExecuteTaskStatusExecution] 6eef0946-771d-497a-857e-87dd2c5623e4 [2026-06-07T21:32:31.415432] -----> Installing yarn 1.22.22 (STDOUT, STG)#
#2026 06 07 21:33:09.565#Z#DEBUG#45480c39-62b8-11f1-9935-eeee0a9a8a76.approval-inbox-db-deployer#flowable-async-job-executor-thread-1497#
[PollExecuteTaskStatusExecution] 6eef0946-771d-497a-857e-87dd2c5623e4 [2026-06-07T21:32:31.415627] Copy [/tmp/buildpacks/ee597f2be8090397/dependencies/e3a39aedd1236924d69cc2d0637a8ed2/yarn_1.22.22_linux_noarch_any-stack_4911d0a6.tgz] (STDOUT, STG)#
#2026 06 07 21:33:09.566#Z#DEBUG#45480c39-62b8-11f1-9935-eeee0a9a8a76.approval-inbox-db-deployer#flowable-async-job-executor-thread-1497#
[PollExecuteTaskStatusExecution] 6eef0946-771d-497a-857e-87dd2c5623e4 [2026-06-07T21:32:31.873705] Installed yarn 1.22.22 (STDOUT, STG)#
#2026 06 07 21:33:09.566#Z#DEBUG#45480c39-62b8-11f1-9935-eeee0a9a8a76.approval-inbox-db-deployer#flowable-async-job-executor-thread-1497#
[PollExecuteTaskStatusExecution] 6eef0946-771d-497a-857e-87dd2c5623e4 [2026-06-07T21:32:31.873830] -----> Creating runtime environment (STDOUT, STG)#
#2026 06 07 21:33:09.566#Z#DEBUG#45480c39-62b8-11f1-9935-eeee0a9a8a76.approval-inbox-db-deployer#flowable-async-job-executor-thread-1497#
[PollExecuteTaskStatusExecution] 6eef0946-771d-497a-857e-87dd2c5623e4 [2026-06-07T21:32:31.876291] NODE_ENV=production (STDOUT, STG)#
#2026 06 07 21:33:09.566#Z#DEBUG#45480c39-62b8-11f1-9935-eeee0a9a8a76.approval-inbox-db-deployer#flowable-async-job-executor-thread-1497#
[PollExecuteTaskStatusExecution] 6eef0946-771d-497a-857e-87dd2c5623e4 [2026-06-07T21:32:31.876355] NODE_HOME=/tmp/contents2157789510/deps/0/node (STDOUT, STG)#
#2026 06 07 21:33:09.566#Z#DEBUG#45480c39-62b8-11f1-9935-eeee0a9a8a76.approval-inbox-db-deployer#flowable-async-job-executor-thread-1497#
[PollExecuteTaskStatusExecution] 6eef0946-771d-497a-857e-87dd2c5623e4 [2026-06-07T21:32:31.876436] NODE_MODULES_CACHE=true (STDOUT, STG)#
#2026 06 07 21:33:09.566#Z#DEBUG#45480c39-62b8-11f1-9935-eeee0a9a8a76.approval-inbox-db-deployer#flowable-async-job-executor-thread-1497#
[PollExecuteTaskStatusExecution] 6eef0946-771d-497a-857e-87dd2c5623e4 [2026-06-07T21:32:31.876498] NODE_VERBOSE=false (STDOUT, STG)#
#2026 06 07 21:33:09.566#Z#DEBUG#45480c39-62b8-11f1-9935-eeee0a9a8a76.approval-inbox-db-deployer#flowable-async-job-executor-thread-1497#
[PollExecuteTaskStatusExecution] 6eef0946-771d-497a-857e-87dd2c5623e4 [2026-06-07T21:32:31.876596] NPM_CONFIG_LOGLEVEL=error (STDOUT, STG)#
#2026 06 07 21:33:09.566#Z#DEBUG#45480c39-62b8-11f1-9935-eeee0a9a8a76.approval-inbox-db-deployer#flowable-async-job-executor-thread-1497#
[PollExecuteTaskStatusExecution] 6eef0946-771d-497a-857e-87dd2c5623e4 [2026-06-07T21:32:31.876605] NPM_CONFIG_PRODUCTION=true (STDOUT, STG)#
#2026 06 07 21:33:09.566#Z#DEBUG#45480c39-62b8-11f1-9935-eeee0a9a8a76.approval-inbox-db-deployer#flowable-async-job-executor-thread-1497#
[PollExecuteTaskStatusExecution] 6eef0946-771d-497a-857e-87dd2c5623e4 [2026-06-07T21:32:31.876818] -----> Building dependencies (STDOUT, STG)#
#2026 06 07 21:33:09.566#Z#DEBUG#45480c39-62b8-11f1-9935-eeee0a9a8a76.approval-inbox-db-deployer#flowable-async-job-executor-thread-1497#
[PollExecuteTaskStatusExecution] 6eef0946-771d-497a-857e-87dd2c5623e4 [2026-06-07T21:32:31.876828] Prebuild detected (node_modules already exists) (STDOUT, STG)#
#2026 06 07 21:33:09.566#Z#DEBUG#45480c39-62b8-11f1-9935-eeee0a9a8a76.approval-inbox-db-deployer#flowable-async-job-executor-thread-1497#
[PollExecuteTaskStatusExecution] 6eef0946-771d-497a-857e-87dd2c5623e4 [2026-06-07T21:32:31.876986] Rebuilding any native modules (STDOUT, STG)#
#2026 06 07 21:33:09.566#Z#DEBUG#45480c39-62b8-11f1-9935-eeee0a9a8a76.approval-inbox-db-deployer#flowable-async-job-executor-thread-1497#
[PollExecuteTaskStatusExecution] 6eef0946-771d-497a-857e-87dd2c5623e4 [2026-06-07T21:32:32.549814] rebuilt dependencies successfully (STDOUT, STG)#
#2026 06 07 21:33:09.566#Z#DEBUG#45480c39-62b8-11f1-9935-eeee0a9a8a76.approval-inbox-db-deployer#flowable-async-job-executor-thread-1497#
[PollExecuteTaskStatusExecution] 6eef0946-771d-497a-857e-87dd2c5623e4 [2026-06-07T21:32:32.635278] Installing any new modules (package.json + package-lock.json) (STDOUT, STG)#
#2026 06 07 21:33:09.566#Z#DEBUG#45480c39-62b8-11f1-9935-eeee0a9a8a76.approval-inbox-db-deployer#flowable-async-job-executor-thread-1497#
[PollExecuteTaskStatusExecution] 6eef0946-771d-497a-857e-87dd2c5623e4 [2026-06-07T21:32:33.179038] up to date in 456ms (STDOUT, STG)#
#2026 06 07 21:33:09.566#Z#DEBUG#45480c39-62b8-11f1-9935-eeee0a9a8a76.approval-inbox-db-deployer#flowable-async-job-executor-thread-1497#
[PollExecuteTaskStatusExecution] 6eef0946-771d-497a-857e-87dd2c5623e4 [2026-06-07T21:32:33.179213] 3 packages are looking for funding (STDOUT, STG)#
#2026 06 07 21:33:09.566#Z#DEBUG#45480c39-62b8-11f1-9935-eeee0a9a8a76.approval-inbox-db-deployer#flowable-async-job-executor-thread-1497#
[PollExecuteTaskStatusExecution] 6eef0946-771d-497a-857e-87dd2c5623e4 [2026-06-07T21:32:33.179241] run `npm fund` for details (STDOUT, STG)#
#2026 06 07 21:33:09.566#Z#DEBUG#45480c39-62b8-11f1-9935-eeee0a9a8a76.approval-inbox-db-deployer#flowable-async-job-executor-thread-1497#
[PollExecuteTaskStatusExecution] 6eef0946-771d-497a-857e-87dd2c5623e4 [2026-06-07T21:32:33.880830] Contrast Security no credentials found. Will not write environment files. (STDOUT, STG)#
#2026 06 07 21:33:09.566#Z#DEBUG#45480c39-62b8-11f1-9935-eeee0a9a8a76.approval-inbox-db-deployer#flowable-async-job-executor-thread-1497#
[PollExecuteTaskStatusExecution] 6eef0946-771d-497a-857e-87dd2c5623e4 [2026-06-07T21:32:45.272483] Exit status 0 (STDOUT, STG)#
#2026 06 07 21:33:09.566#Z#DEBUG#45480c39-62b8-11f1-9935-eeee0a9a8a76.approval-inbox-db-deployer#flowable-async-job-executor-thread-1497#
[PollExecuteTaskStatusExecution] 6eef0946-771d-497a-857e-87dd2c5623e4 [2026-06-07T21:32:45.272530] Uploading droplet, build artifacts cache... (STDOUT, STG)#
#2026 06 07 21:33:09.566#Z#DEBUG#45480c39-62b8-11f1-9935-eeee0a9a8a76.approval-inbox-db-deployer#flowable-async-job-executor-thread-1497#
[PollExecuteTaskStatusExecution] 6eef0946-771d-497a-857e-87dd2c5623e4 [2026-06-07T21:32:45.272586] Uploading droplet... (STDOUT, STG)#
#2026 06 07 21:33:09.566#Z#DEBUG#45480c39-62b8-11f1-9935-eeee0a9a8a76.approval-inbox-db-deployer#flowable-async-job-executor-thread-1497#
[PollExecuteTaskStatusExecution] 6eef0946-771d-497a-857e-87dd2c5623e4 [2026-06-07T21:32:45.272937] Uploading build artifacts cache... (STDOUT, STG)#
#2026 06 07 21:33:09.566#Z#DEBUG#45480c39-62b8-11f1-9935-eeee0a9a8a76.approval-inbox-db-deployer#flowable-async-job-executor-thread-1497#
[PollExecuteTaskStatusExecution] 6eef0946-771d-497a-857e-87dd2c5623e4 [2026-06-07T21:32:45.323881] Uploaded build artifacts cache (219B) (STDOUT, STG)#
#2026 06 07 21:33:09.566#Z#DEBUG#45480c39-62b8-11f1-9935-eeee0a9a8a76.approval-inbox-db-deployer#flowable-async-job-executor-thread-1497#
[PollExecuteTaskStatusExecution] 6eef0946-771d-497a-857e-87dd2c5623e4 [2026-06-07T21:32:46.164501] Creating droplet for app with guid 6eef0946-771d-497a-857e-87dd2c5623e4 (STDOUT, API)#
#2026 06 07 21:33:09.566#Z#DEBUG#45480c39-62b8-11f1-9935-eeee0a9a8a76.approval-inbox-db-deployer#flowable-async-job-executor-thread-1497#
[PollExecuteTaskStatusExecution] 6eef0946-771d-497a-857e-87dd2c5623e4 [2026-06-07T21:32:49.251443] Uploaded droplet (58.8M) (STDOUT, STG)#
#2026 06 07 21:33:09.566#Z#DEBUG#45480c39-62b8-11f1-9935-eeee0a9a8a76.approval-inbox-db-deployer#flowable-async-job-executor-thread-1497#
[PollExecuteTaskStatusExecution] 6eef0946-771d-497a-857e-87dd2c5623e4 [2026-06-07T21:32:49.287876] Uploading complete (STDOUT, STG)#
#2026 06 07 21:33:09.566#Z#DEBUG#45480c39-62b8-11f1-9935-eeee0a9a8a76.approval-inbox-db-deployer#flowable-async-job-executor-thread-1497#
[PollExecuteTaskStatusExecution] 6eef0946-771d-497a-857e-87dd2c5623e4 [2026-06-07T21:32:50.027155] Cell 54b50d35-322b-4617-baa3-c13476b47cb5 stopping instance 09f0baee-e3a2-4404-a345-57c06ed31e20 (STDOUT, STG)#
#2026 06 07 21:33:09.566#Z#DEBUG#45480c39-62b8-11f1-9935-eeee0a9a8a76.approval-inbox-db-deployer#flowable-async-job-executor-thread-1497#
[PollExecuteTaskStatusExecution] 6eef0946-771d-497a-857e-87dd2c5623e4 [2026-06-07T21:32:50.027193] Cell 54b50d35-322b-4617-baa3-c13476b47cb5 destroying container for instance 09f0baee-e3a2-4404-a345-57c06ed31e20 (STDOUT, STG)#
#2026 06 07 21:33:09.566#Z#DEBUG#45480c39-62b8-11f1-9935-eeee0a9a8a76.approval-inbox-db-deployer#flowable-async-job-executor-thread-1497#
[PollExecuteTaskStatusExecution] 6eef0946-771d-497a-857e-87dd2c5623e4 [2026-06-07T21:32:50.090727] Staging complete for build 09f0baee-e3a2-4404-a345-57c06ed31e20 (STDOUT, API)#
#2026 06 07 21:33:09.566#Z#DEBUG#45480c39-62b8-11f1-9935-eeee0a9a8a76.approval-inbox-db-deployer#flowable-async-job-executor-thread-1497#
[PollExecuteTaskStatusExecution] 6eef0946-771d-497a-857e-87dd2c5623e4 [2026-06-07T21:32:53.741125] Cell 54b50d35-322b-4617-baa3-c13476b47cb5 successfully destroyed container for instance 09f0baee-e3a2-4404-a345-57c06ed31e20 (STDOUT, STG)#
#2026 06 07 21:33:09.566#Z#DEBUG#45480c39-62b8-11f1-9935-eeee0a9a8a76.approval-inbox-db-deployer#flowable-async-job-executor-thread-1497#
[PollExecuteTaskStatusExecution] 6eef0946-771d-497a-857e-87dd2c5623e4 [2026-06-07T21:32:59.600098] Updated app with guid 6eef0946-771d-497a-857e-87dd2c5623e4 ({:droplet_guid=>"1f12aa88-e5a5-42d3-9122-57ef7719fb6e"}) (STDOUT, API)#
#2026 06 07 21:33:09.566#Z#DEBUG#45480c39-62b8-11f1-9935-eeee0a9a8a76.approval-inbox-db-deployer#flowable-async-job-executor-thread-1497#
[PollExecuteTaskStatusExecution] 6eef0946-771d-497a-857e-87dd2c5623e4 [2026-06-07T21:33:00.177939] Cell 54b50d35-322b-4617-baa3-c13476b47cb5 creating container for instance 627849e8-a916-4d80-bec0-58fe0b27d125 (STDOUT, CELL)#
#2026 06 07 21:33:09.566#Z#DEBUG#45480c39-62b8-11f1-9935-eeee0a9a8a76.approval-inbox-db-deployer#flowable-async-job-executor-thread-1497#
[PollExecuteTaskStatusExecution] 6eef0946-771d-497a-857e-87dd2c5623e4 [2026-06-07T21:33:01.060789] Security group rules were updated (STDOUT, CELL)#
#2026 06 07 21:33:09.566#Z#DEBUG#45480c39-62b8-11f1-9935-eeee0a9a8a76.approval-inbox-db-deployer#flowable-async-job-executor-thread-1497#
[PollExecuteTaskStatusExecution] 6eef0946-771d-497a-857e-87dd2c5623e4 [2026-06-07T21:33:01.204890] Cell 54b50d35-322b-4617-baa3-c13476b47cb5 successfully created container for instance 627849e8-a916-4d80-bec0-58fe0b27d125 (STDOUT, CELL)#
#2026 06 07 21:33:09.566#Z#DEBUG#45480c39-62b8-11f1-9935-eeee0a9a8a76.approval-inbox-db-deployer#flowable-async-job-executor-thread-1497#
[PollExecuteTaskStatusExecution] 6eef0946-771d-497a-857e-87dd2c5623e4 [2026-06-07T21:33:06.601986] Invoking pre-start scripts. (STDOUT, APP/TASK/deploy)#
#2026 06 07 21:33:09.566#Z#DEBUG#45480c39-62b8-11f1-9935-eeee0a9a8a76.approval-inbox-db-deployer#flowable-async-job-executor-thread-1497#
[PollExecuteTaskStatusExecution] 6eef0946-771d-497a-857e-87dd2c5623e4 [2026-06-07T21:33:06.874122] Invoking start command. (STDOUT, APP/TASK/deploy)#
#2026 06 07 21:33:09.566#Z#DEBUG#45480c39-62b8-11f1-9935-eeee0a9a8a76.approval-inbox-db-deployer#flowable-async-job-executor-thread-1497#
[PollExecuteTaskStatusExecution] 6eef0946-771d-497a-857e-87dd2c5623e4 [2026-06-07T21:33:07.437662] > approval-inbox-db-deployer@1.0.0 start (STDOUT, APP/TASK/deploy)#
#2026 06 07 21:33:09.566#Z#DEBUG#45480c39-62b8-11f1-9935-eeee0a9a8a76.approval-inbox-db-deployer#flowable-async-job-executor-thread-1497#
[PollExecuteTaskStatusExecution] 6eef0946-771d-497a-857e-87dd2c5623e4 [2026-06-07T21:33:07.437686] > node node_modules/@sap/hdi-deploy/deploy.js (STDOUT, APP/TASK/deploy)#
#2026 06 07 21:33:09.566#Z#DEBUG#45480c39-62b8-11f1-9935-eeee0a9a8a76.approval-inbox-db-deployer#flowable-async-job-executor-thread-1497#
[PollExecuteTaskStatusExecution] 6eef0946-771d-497a-857e-87dd2c5623e4 [2026-06-07T21:33:07.613276] VCAP_SERVICES: (STDOUT, APP/TASK/deploy)#
#2026 06 07 21:33:09.566#Z#DEBUG#45480c39-62b8-11f1-9935-eeee0a9a8a76.approval-inbox-db-deployer#flowable-async-job-executor-thread-1497#
[PollExecuteTaskStatusExecution] 6eef0946-771d-497a-857e-87dd2c5623e4 [2026-06-07T21:33:07.613525] { (STDOUT, APP/TASK/deploy)#
#2026 06 07 21:33:09.566#Z#DEBUG#45480c39-62b8-11f1-9935-eeee0a9a8a76.approval-inbox-db-deployer#flowable-async-job-executor-thread-1497#
[PollExecuteTaskStatusExecution] 6eef0946-771d-497a-857e-87dd2c5623e4 [2026-06-07T21:33:07.613555] "hana": [ (STDOUT, APP/TASK/deploy)#
#2026 06 07 21:33:09.566#Z#DEBUG#45480c39-62b8-11f1-9935-eeee0a9a8a76.approval-inbox-db-deployer#flowable-async-job-executor-thread-1497#
[PollExecuteTaskStatusExecution] 6eef0946-771d-497a-857e-87dd2c5623e4 [2026-06-07T21:33:07.613560] { (STDOUT, APP/TASK/deploy)#
#2026 06 07 21:33:09.566#Z#DEBUG#45480c39-62b8-11f1-9935-eeee0a9a8a76.approval-inbox-db-deployer#flowable-async-job-executor-thread-1497#
[PollExecuteTaskStatusExecution] 6eef0946-771d-497a-857e-87dd2c5623e4 [2026-06-07T21:33:07.613566] "name": "zsale-db", (STDOUT, APP/TASK/deploy)#
#2026 06 07 21:33:09.566#Z#DEBUG#45480c39-62b8-11f1-9935-eeee0a9a8a76.approval-inbox-db-deployer#flowable-async-job-executor-thread-1497#
[PollExecuteTaskStatusExecution] 6eef0946-771d-497a-857e-87dd2c5623e4 [2026-06-07T21:33:07.613572] "label": "hana", (STDOUT, APP/TASK/deploy)#
#2026 06 07 21:33:09.566#Z#DEBUG#45480c39-62b8-11f1-9935-eeee0a9a8a76.approval-inbox-db-deployer#flowable-async-job-executor-thread-1497#
[PollExecuteTaskStatusExecution] 6eef0946-771d-497a-857e-87dd2c5623e4 [2026-06-07T21:33:07.613578] "plan": "hdi-shared", (STDOUT, APP/TASK/deploy)#
#2026 06 07 21:33:09.566#Z#DEBUG#45480c39-62b8-11f1-9935-eeee0a9a8a76.approval-inbox-db-deployer#flowable-async-job-executor-thread-1497#
[PollExecuteTaskStatusExecution] 6eef0946-771d-497a-857e-87dd2c5623e4 [2026-06-07T21:33:07.613581] "credentials": { (STDOUT, APP/TASK/deploy)#
#2026 06 07 21:33:09.566#Z#DEBUG#45480c39-62b8-11f1-9935-eeee0a9a8a76.approval-inbox-db-deployer#flowable-async-job-executor-thread-1497#
[PollExecuteTaskStatusExecution] 6eef0946-771d-497a-857e-87dd2c5623e4 [2026-06-07T21:33:07.613589] "schema": "09FF326E4850441B99A3FBA8B6307C42", (STDOUT, APP/TASK/deploy)#
#2026 06 07 21:33:09.566#Z#DEBUG#45480c39-62b8-11f1-9935-eeee0a9a8a76.approval-inbox-db-deployer#flowable-async-job-executor-thread-1497#
[PollExecuteTaskStatusExecution] 6eef0946-771d-497a-857e-87dd2c5623e4 [2026-06-07T21:33:07.613592] "database_id": "dd335352-b948-4bce-826b-662362f1f052", (STDOUT, APP/TASK/deploy)#
#2026 06 07 21:33:09.566#Z#DEBUG#45480c39-62b8-11f1-9935-eeee0a9a8a76.approval-inbox-db-deployer#flowable-async-job-executor-thread-1497#
[PollExecuteTaskStatusExecution] 6eef0946-771d-497a-857e-87dd2c5623e4 [2026-06-07T21:33:07.613598] "user": "09FF326E4850441B99A3FBA8B6307C42_93JT1GLHCI3DPT85PPD4ELFZ0_RT", (STDOUT, APP/TASK/deploy)#
#2026 06 07 21:33:09.566#Z#DEBUG#45480c39-62b8-11f1-9935-eeee0a9a8a76.approval-inbox-db-deployer#flowable-async-job-executor-thread-1497#
[PollExecuteTaskStatusExecution] 6eef0946-771d-497a-857e-87dd2c5623e4 [2026-06-07T21:33:07.613602] "hdi_user": "09FF326E4850441B99A3FBA8B6307C42_93JT1GLHCI3DPT85PPD4ELFZ0_DT" (STDOUT, APP/TASK/deploy)#
#2026 06 07 21:33:09.566#Z#DEBUG#45480c39-62b8-11f1-9935-eeee0a9a8a76.approval-inbox-db-deployer#flowable-async-job-executor-thread-1497#
[PollExecuteTaskStatusExecution] 6eef0946-771d-497a-857e-87dd2c5623e4 [2026-06-07T21:33:07.613606] }, (STDOUT, APP/TASK/deploy)#
#2026 06 07 21:33:09.566#Z#DEBUG#45480c39-62b8-11f1-9935-eeee0a9a8a76.approval-inbox-db-deployer#flowable-async-job-executor-thread-1497#
[PollExecuteTaskStatusExecution] 6eef0946-771d-497a-857e-87dd2c5623e4 [2026-06-07T21:33:07.613612] "tags": [ (STDOUT, APP/TASK/deploy)#
#2026 06 07 21:33:09.566#Z#DEBUG#45480c39-62b8-11f1-9935-eeee0a9a8a76.approval-inbox-db-deployer#flowable-async-job-executor-thread-1497#
[PollExecuteTaskStatusExecution] 6eef0946-771d-497a-857e-87dd2c5623e4 [2026-06-07T21:33:07.613615] "hana", (STDOUT, APP/TASK/deploy)#
#2026 06 07 21:33:09.566#Z#DEBUG#45480c39-62b8-11f1-9935-eeee0a9a8a76.approval-inbox-db-deployer#flowable-async-job-executor-thread-1497#
[PollExecuteTaskStatusExecution] 6eef0946-771d-497a-857e-87dd2c5623e4 [2026-06-07T21:33:07.613619] "database", (STDOUT, APP/TASK/deploy)#
#2026 06 07 21:33:09.566#Z#DEBUG#45480c39-62b8-11f1-9935-eeee0a9a8a76.approval-inbox-db-deployer#flowable-async-job-executor-thread-1497#
[PollExecuteTaskStatusExecution] 6eef0946-771d-497a-857e-87dd2c5623e4 [2026-06-07T21:33:07.613667] "relational" (STDOUT, APP/TASK/deploy)#
#2026 06 07 21:33:09.566#Z#DEBUG#45480c39-62b8-11f1-9935-eeee0a9a8a76.approval-inbox-db-deployer#flowable-async-job-executor-thread-1497#
[PollExecuteTaskStatusExecution] 6eef0946-771d-497a-857e-87dd2c5623e4 [2026-06-07T21:33:07.613673] ] (STDOUT, APP/TASK/deploy)#
#2026 06 07 21:33:09.566#Z#DEBUG#45480c39-62b8-11f1-9935-eeee0a9a8a76.approval-inbox-db-deployer#flowable-async-job-executor-thread-1497#
[PollExecuteTaskStatusExecution] 6eef0946-771d-497a-857e-87dd2c5623e4 [2026-06-07T21:33:07.613676] } (STDOUT, APP/TASK/deploy)#
#2026 06 07 21:33:09.566#Z#DEBUG#45480c39-62b8-11f1-9935-eeee0a9a8a76.approval-inbox-db-deployer#flowable-async-job-executor-thread-1497#
[PollExecuteTaskStatusExecution] 6eef0946-771d-497a-857e-87dd2c5623e4 [2026-06-07T21:33:07.613679] ] (STDOUT, APP/TASK/deploy)#
#2026 06 07 21:33:09.566#Z#DEBUG#45480c39-62b8-11f1-9935-eeee0a9a8a76.approval-inbox-db-deployer#flowable-async-job-executor-thread-1497#
[PollExecuteTaskStatusExecution] 6eef0946-771d-497a-857e-87dd2c5623e4 [2026-06-07T21:33:07.613683] } (STDOUT, APP/TASK/deploy)#
#2026 06 07 21:33:09.566#Z#DEBUG#45480c39-62b8-11f1-9935-eeee0a9a8a76.approval-inbox-db-deployer#flowable-async-job-executor-thread-1497#
[PollExecuteTaskStatusExecution] 6eef0946-771d-497a-857e-87dd2c5623e4 [2026-06-07T21:33:08.058549] @sap/hdi-deploy, version 5.6.1 (mode default), server version 4.00.000.00.1778573239 (4.0.0.0), cloud version 2026.2.14, node version 22.22.0, HDI version 1016, container API version 1007 (STDOUT, APP/TASK/deploy)#
#2026 06 07 21:33:09.566#Z#DEBUG#45480c39-62b8-11f1-9935-eeee0a9a8a76.approval-inbox-db-deployer#flowable-async-job-executor-thread-1497#
[PollExecuteTaskStatusExecution] 6eef0946-771d-497a-857e-87dd2c5623e4 [2026-06-07T21:33:08.059109] Deployment started at 2026-06-07 21:33:08 (STDOUT, APP/TASK/deploy)#
#2026 06 07 21:33:09.566#Z#DEBUG#45480c39-62b8-11f1-9935-eeee0a9a8a76.approval-inbox-db-deployer#flowable-async-job-executor-thread-1497#
[PollExecuteTaskStatusExecution] 6eef0946-771d-497a-857e-87dd2c5623e4 [2026-06-07T21:33:08.059425] Using hdb@0.19.12 for connection (STDOUT, APP/TASK/deploy)#
#2026 06 07 21:33:09.566#Z#DEBUG#45480c39-62b8-11f1-9935-eeee0a9a8a76.approval-inbox-db-deployer#flowable-async-job-executor-thread-1497#
[PollExecuteTaskStatusExecution] 6eef0946-771d-497a-857e-87dd2c5623e4 [2026-06-07T21:33:08.084056] No ignore file at /home/vcap/app/.hdiignore. (STDOUT, APP/TASK/deploy)#
#2026 06 07 21:33:09.566#Z#DEBUG#45480c39-62b8-11f1-9935-eeee0a9a8a76.approval-inbox-db-deployer#flowable-async-job-executor-thread-1497#
[PollExecuteTaskStatusExecution] 6eef0946-771d-497a-857e-87dd2c5623e4 [2026-06-07T21:33:08.084433] Collecting files... (STDOUT, APP/TASK/deploy)#
#2026 06 07 21:33:09.566#Z#DEBUG#45480c39-62b8-11f1-9935-eeee0a9a8a76.approval-inbox-db-deployer#flowable-async-job-executor-thread-1497#
[PollExecuteTaskStatusExecution] 6eef0946-771d-497a-857e-87dd2c5623e4 [2026-06-07T21:33:08.088950] Collecting files... ok (0s 4ms) (STDOUT, APP/TASK/deploy)#
#2026 06 07 21:33:09.566#Z#DEBUG#45480c39-62b8-11f1-9935-eeee0a9a8a76.approval-inbox-db-deployer#flowable-async-job-executor-thread-1497#
[PollExecuteTaskStatusExecution] 6eef0946-771d-497a-857e-87dd2c5623e4 [2026-06-07T21:33:08.088961] 3 directories collected (STDOUT, APP/TASK/deploy)#
#2026 06 07 21:33:09.566#Z#DEBUG#45480c39-62b8-11f1-9935-eeee0a9a8a76.approval-inbox-db-deployer#flowable-async-job-executor-thread-1497#
[PollExecuteTaskStatusExecution] 6eef0946-771d-497a-857e-87dd2c5623e4 [2026-06-07T21:33:08.088964] 19 files collected (STDOUT, APP/TASK/deploy)#
#2026 06 07 21:33:09.566#Z#DEBUG#45480c39-62b8-11f1-9935-eeee0a9a8a76.approval-inbox-db-deployer#flowable-async-job-executor-thread-1497#
[PollExecuteTaskStatusExecution] 6eef0946-771d-497a-857e-87dd2c5623e4 [2026-06-07T21:33:08.088967] 0 reusable modules collected (STDOUT, APP/TASK/deploy)#
#2026 06 07 21:33:09.566#Z#DEBUG#45480c39-62b8-11f1-9935-eeee0a9a8a76.approval-inbox-db-deployer#flowable-async-job-executor-thread-1497#
[PollExecuteTaskStatusExecution] 6eef0946-771d-497a-857e-87dd2c5623e4 [2026-06-07T21:33:08.088981] Target service: zsale-db (STDOUT, APP/TASK/deploy)#
#2026 06 07 21:33:09.566#Z#DEBUG#45480c39-62b8-11f1-9935-eeee0a9a8a76.approval-inbox-db-deployer#flowable-async-job-executor-thread-1497#
[PollExecuteTaskStatusExecution] 6eef0946-771d-497a-857e-87dd2c5623e4 [2026-06-07T21:33:08.351865] Previous build with request ID 57 finished at 2026-06-07T21:26:13.918 with status Committed and message: Make succeeded (0 warnings): 17 files deployed (effective 21), 0 files undeployed (effective 0), 0 dependent files redeployed. (STDOUT, APP/TASK/deploy)#
#2026 06 07 21:33:09.566#Z#DEBUG#45480c39-62b8-11f1-9935-eeee0a9a8a76.approval-inbox-db-deployer#flowable-async-job-executor-thread-1497#
[PollExecuteTaskStatusExecution] 6eef0946-771d-497a-857e-87dd2c5623e4 [2026-06-07T21:33:08.351979] Processing revoke files... (STDOUT, APP/TASK/deploy)#
#2026 06 07 21:33:09.566#Z#DEBUG#45480c39-62b8-11f1-9935-eeee0a9a8a76.approval-inbox-db-deployer#flowable-async-job-executor-thread-1497#
[PollExecuteTaskStatusExecution] 6eef0946-771d-497a-857e-87dd2c5623e4 [2026-06-07T21:33:08.352049] Processing revoke files... ok (0s 0ms) (STDOUT, APP/TASK/deploy)#
#2026 06 07 21:33:09.566#Z#DEBUG#45480c39-62b8-11f1-9935-eeee0a9a8a76.approval-inbox-db-deployer#flowable-async-job-executor-thread-1497#
[PollExecuteTaskStatusExecution] 6eef0946-771d-497a-857e-87dd2c5623e4 [2026-06-07T21:33:08.352244] Processing grants files... (STDOUT, APP/TASK/deploy)#
#2026 06 07 21:33:09.566#Z#DEBUG#45480c39-62b8-11f1-9935-eeee0a9a8a76.approval-inbox-db-deployer#flowable-async-job-executor-thread-1497#
[PollExecuteTaskStatusExecution] 6eef0946-771d-497a-857e-87dd2c5623e4 [2026-06-07T21:33:08.352368] Processing grants files... ok (0s 0ms) (STDOUT, APP/TASK/deploy)#
#2026 06 07 21:33:09.566#Z#DEBUG#45480c39-62b8-11f1-9935-eeee0a9a8a76.approval-inbox-db-deployer#flowable-async-job-executor-thread-1497#
[PollExecuteTaskStatusExecution] 6eef0946-771d-497a-857e-87dd2c5623e4 [2026-06-07T21:33:08.355081] Preprocessing files... (STDOUT, APP/TASK/deploy)#
#2026 06 07 21:33:09.566#Z#DEBUG#45480c39-62b8-11f1-9935-eeee0a9a8a76.approval-inbox-db-deployer#flowable-async-job-executor-thread-1497#
[PollExecuteTaskStatusExecution] 6eef0946-771d-497a-857e-87dd2c5623e4 [2026-06-07T21:33:08.355444] Preprocessing files... ok (0s 0ms) (STDOUT, APP/TASK/deploy)#
#2026 06 07 21:33:09.566#Z#DEBUG#45480c39-62b8-11f1-9935-eeee0a9a8a76.approval-inbox-db-deployer#flowable-async-job-executor-thread-1497#
[PollExecuteTaskStatusExecution] 6eef0946-771d-497a-857e-87dd2c5623e4 [2026-06-07T21:33:08.355574] Connecting to the container "09FF326E4850441B99A3FBA8B6307C42"... (STDOUT, APP/TASK/deploy)#
#2026 06 07 21:33:09.566#Z#DEBUG#45480c39-62b8-11f1-9935-eeee0a9a8a76.approval-inbox-db-deployer#flowable-async-job-executor-thread-1497#
[PollExecuteTaskStatusExecution] 6eef0946-771d-497a-857e-87dd2c5623e4 [2026-06-07T21:33:08.425325] Connecting to the container "09FF326E4850441B99A3FBA8B6307C42"... ok (0s 70ms) (STDOUT, APP/TASK/deploy)#
#2026 06 07 21:33:09.566#Z#DEBUG#45480c39-62b8-11f1-9935-eeee0a9a8a76.approval-inbox-db-deployer#flowable-async-job-executor-thread-1497#
[PollExecuteTaskStatusExecution] 6eef0946-771d-497a-857e-87dd2c5623e4 [2026-06-07T21:33:08.425359] Locking the container "09FF326E4850441B99A3FBA8B6307C42"... (STDOUT, APP/TASK/deploy)#
#2026 06 07 21:33:09.566#Z#DEBUG#45480c39-62b8-11f1-9935-eeee0a9a8a76.approval-inbox-db-deployer#flowable-async-job-executor-thread-1497#
[PollExecuteTaskStatusExecution] 6eef0946-771d-497a-857e-87dd2c5623e4 [2026-06-07T21:33:08.620136] Locking the container "09FF326E4850441B99A3FBA8B6307C42"... ok (0s 195ms) (STDOUT, APP/TASK/deploy)#
#2026 06 07 21:33:09.566#Z#DEBUG#45480c39-62b8-11f1-9935-eeee0a9a8a76.approval-inbox-db-deployer#flowable-async-job-executor-thread-1497#
[PollExecuteTaskStatusExecution] 6eef0946-771d-497a-857e-87dd2c5623e4 [2026-06-07T21:33:08.620168] Synchronizing files with the container "09FF326E4850441B99A3FBA8B6307C42"... (STDOUT, APP/TASK/deploy)#
#2026 06 07 21:33:09.566#Z#DEBUG#45480c39-62b8-11f1-9935-eeee0a9a8a76.approval-inbox-db-deployer#flowable-async-job-executor-thread-1497#
[PollExecuteTaskStatusExecution] 6eef0946-771d-497a-857e-87dd2c5623e4 [2026-06-07T21:33:08.824151] Deleting files... (STDOUT, APP/TASK/deploy)#
#2026 06 07 21:33:09.566#Z#DEBUG#45480c39-62b8-11f1-9935-eeee0a9a8a76.approval-inbox-db-deployer#flowable-async-job-executor-thread-1497#
[PollExecuteTaskStatusExecution] 6eef0946-771d-497a-857e-87dd2c5623e4 [2026-06-07T21:33:09.079330] Deleting files... ok (STDOUT, APP/TASK/deploy)#
#2026 06 07 21:33:09.566#Z#DEBUG#45480c39-62b8-11f1-9935-eeee0a9a8a76.approval-inbox-db-deployer#flowable-async-job-executor-thread-1497#
[PollExecuteTaskStatusExecution] 6eef0946-771d-497a-857e-87dd2c5623e4 [2026-06-07T21:33:09.079350] Writing files... (STDOUT, APP/TASK/deploy)#
#2026 06 07 21:33:09.566#Z#DEBUG#45480c39-62b8-11f1-9935-eeee0a9a8a76.approval-inbox-db-deployer#flowable-async-job-executor-thread-1497#
[PollExecuteTaskStatusExecution] 6eef0946-771d-497a-857e-87dd2c5623e4 [2026-06-07T21:33:09.079509] Writing 3 items (STDOUT, APP/TASK/deploy)#
#2026 06 07 21:33:19.531#Z#DEBUG#45480c39-62b8-11f1-9935-eeee0a9a8a76.approval-inbox-db-deployer#flowable-async-job-executor-thread-5068#
[PollExecuteTaskStatusExecution] 6eef0946-771d-497a-857e-87dd2c5623e4 [2026-06-07T21:33:09.232893] Writing files... ok (STDOUT, APP/TASK/deploy)#
#2026 06 07 21:33:19.531#Z#DEBUG#45480c39-62b8-11f1-9935-eeee0a9a8a76.approval-inbox-db-deployer#flowable-async-job-executor-thread-5068#
[PollExecuteTaskStatusExecution] 6eef0946-771d-497a-857e-87dd2c5623e4 [2026-06-07T21:33:09.232918] Synchronizing files with the container "09FF326E4850441B99A3FBA8B6307C42"... ok (0s 613ms) (STDOUT, APP/TASK/deploy)#
#2026 06 07 21:33:19.531#Z#DEBUG#45480c39-62b8-11f1-9935-eeee0a9a8a76.approval-inbox-db-deployer#flowable-async-job-executor-thread-5068#
[PollExecuteTaskStatusExecution] 6eef0946-771d-497a-857e-87dd2c5623e4 [2026-06-07T21:33:09.233353] added files: [] (STDOUT, APP/TASK/deploy)#
#2026 06 07 21:33:19.531#Z#DEBUG#45480c39-62b8-11f1-9935-eeee0a9a8a76.approval-inbox-db-deployer#flowable-async-job-executor-thread-5068#
[PollExecuteTaskStatusExecution] 6eef0946-771d-497a-857e-87dd2c5623e4 [2026-06-07T21:33:09.233367] modified files: [] (STDOUT, APP/TASK/deploy)#
#2026 06 07 21:33:19.531#Z#DEBUG#45480c39-62b8-11f1-9935-eeee0a9a8a76.approval-inbox-db-deployer#flowable-async-job-executor-thread-5068#
[PollExecuteTaskStatusExecution] 6eef0946-771d-497a-857e-87dd2c5623e4 [2026-06-07T21:33:09.233746] Undeploy allowlist file "undeploy.json" not found; an empty allowlist is used and no files will be scheduled for undeploy (STDOUT, APP/TASK/deploy)#
#2026 06 07 21:33:19.531#Z#DEBUG#45480c39-62b8-11f1-9935-eeee0a9a8a76.approval-inbox-db-deployer#flowable-async-job-executor-thread-5068#
[PollExecuteTaskStatusExecution] 6eef0946-771d-497a-857e-87dd2c5623e4 [2026-06-07T21:33:09.233877] deleted files: [] (STDOUT, APP/TASK/deploy)#
#2026 06 07 21:33:19.531#Z#DEBUG#45480c39-62b8-11f1-9935-eeee0a9a8a76.approval-inbox-db-deployer#flowable-async-job-executor-thread-5068#
[PollExecuteTaskStatusExecution] 6eef0946-771d-497a-857e-87dd2c5623e4 [2026-06-07T21:33:09.234172] WARNING: deleted files not in undeploy.json: [ (STDOUT, APP/TASK/deploy)#
#2026 06 07 21:33:19.531#Z#DEBUG#45480c39-62b8-11f1-9935-eeee0a9a8a76.approval-inbox-db-deployer#flowable-async-job-executor-thread-5068#
[PollExecuteTaskStatusExecution] 6eef0946-771d-497a-857e-87dd2c5623e4 [2026-06-07T21:33:09.234183] "src/.hdiconfig", (STDOUT, APP/TASK/deploy)#
#2026 06 07 21:33:19.531#Z#DEBUG#45480c39-62b8-11f1-9935-eeee0a9a8a76.approval-inbox-db-deployer#flowable-async-job-executor-thread-5068#
[PollExecuteTaskStatusExecution] 6eef0946-771d-497a-857e-87dd2c5623e4 [2026-06-07T21:33:09.234186] "src/gen/NorthwindService.Categories.hdbview", (STDOUT, APP/TASK/deploy)#
#2026 06 07 21:33:19.531#Z#DEBUG#45480c39-62b8-11f1-9935-eeee0a9a8a76.approval-inbox-db-deployer#flowable-async-job-executor-thread-5068#
[PollExecuteTaskStatusExecution] 6eef0946-771d-497a-857e-87dd2c5623e4 [2026-06-07T21:33:09.234189] "src/gen/NorthwindService.Customers.hdbview", (STDOUT, APP/TASK/deploy)#
#2026 06 07 21:33:19.531#Z#DEBUG#45480c39-62b8-11f1-9935-eeee0a9a8a76.approval-inbox-db-deployer#flowable-async-job-executor-thread-5068#
[PollExecuteTaskStatusExecution] 6eef0946-771d-497a-857e-87dd2c5623e4 [2026-06-07T21:33:09.234193] "src/gen/NorthwindService.OrderItems.hdbview", (STDOUT, APP/TASK/deploy)#
#2026 06 07 21:33:19.531#Z#DEBUG#45480c39-62b8-11f1-9935-eeee0a9a8a76.approval-inbox-db-deployer#flowable-async-job-executor-thread-5068#
[PollExecuteTaskStatusExecution] 6eef0946-771d-497a-857e-87dd2c5623e4 [2026-06-07T21:33:09.234196] "src/gen/NorthwindService.Orders.hdbview", (STDOUT, APP/TASK/deploy)#
#2026 06 07 21:33:19.531#Z#DEBUG#45480c39-62b8-11f1-9935-eeee0a9a8a76.approval-inbox-db-deployer#flowable-async-job-executor-thread-5068#
[PollExecuteTaskStatusExecution] 6eef0946-771d-497a-857e-87dd2c5623e4 [2026-06-07T21:33:09.234199] "src/gen/NorthwindService.Products.hdbview", (STDOUT, APP/TASK/deploy)#
#2026 06 07 21:33:19.531#Z#DEBUG#45480c39-62b8-11f1-9935-eeee0a9a8a76.approval-inbox-db-deployer#flowable-async-job-executor-thread-5068#
[PollExecuteTaskStatusExecution] 6eef0946-771d-497a-857e-87dd2c5623e4 [2026-06-07T21:33:09.234202] "src/gen/data/sap.cap.northwind-Categories.csv", (STDOUT, APP/TASK/deploy)#
#2026 06 07 21:33:19.531#Z#DEBUG#45480c39-62b8-11f1-9935-eeee0a9a8a76.approval-inbox-db-deployer#flowable-async-job-executor-thread-5068#
[PollExecuteTaskStatusExecution] 6eef0946-771d-497a-857e-87dd2c5623e4 [2026-06-07T21:33:09.234206] "src/gen/data/sap.cap.northwind-Categories.hdbtabledata", (STDOUT, APP/TASK/deploy)#
#2026 06 07 21:33:19.531#Z#DEBUG#45480c39-62b8-11f1-9935-eeee0a9a8a76.approval-inbox-db-deployer#flowable-async-job-executor-thread-5068#
[PollExecuteTaskStatusExecution] 6eef0946-771d-497a-857e-87dd2c5623e4 [2026-06-07T21:33:09.234212] "src/gen/data/sap.cap.northwind-Customers.csv", (STDOUT, APP/TASK/deploy)#
#2026 06 07 21:33:19.531#Z#DEBUG#45480c39-62b8-11f1-9935-eeee0a9a8a76.approval-inbox-db-deployer#flowable-async-job-executor-thread-5068#
[PollExecuteTaskStatusExecution] 6eef0946-771d-497a-857e-87dd2c5623e4 [2026-06-07T21:33:09.234215] "src/gen/data/sap.cap.northwind-Customers.hdbtabledata", (STDOUT, APP/TASK/deploy)#
#2026 06 07 21:33:19.531#Z#DEBUG#45480c39-62b8-11f1-9935-eeee0a9a8a76.approval-inbox-db-deployer#flowable-async-job-executor-thread-5068#
[PollExecuteTaskStatusExecution] 6eef0946-771d-497a-857e-87dd2c5623e4 [2026-06-07T21:33:09.234220] "src/gen/data/sap.cap.northwind-OrderItems.csv", (STDOUT, APP/TASK/deploy)#
#2026 06 07 21:33:19.532#Z#DEBUG#45480c39-62b8-11f1-9935-eeee0a9a8a76.approval-inbox-db-deployer#flowable-async-job-executor-thread-5068#
[PollExecuteTaskStatusExecution] 6eef0946-771d-497a-857e-87dd2c5623e4 [2026-06-07T21:33:09.234224] "src/gen/data/sap.cap.northwind-OrderItems.hdbtabledata", (STDOUT, APP/TASK/deploy)#
#2026 06 07 21:33:19.532#Z#DEBUG#45480c39-62b8-11f1-9935-eeee0a9a8a76.approval-inbox-db-deployer#flowable-async-job-executor-thread-5068#
[PollExecuteTaskStatusExecution] 6eef0946-771d-497a-857e-87dd2c5623e4 [2026-06-07T21:33:09.234228] "src/gen/data/sap.cap.northwind-Orders.csv", (STDOUT, APP/TASK/deploy)#
#2026 06 07 21:33:19.532#Z#DEBUG#45480c39-62b8-11f1-9935-eeee0a9a8a76.approval-inbox-db-deployer#flowable-async-job-executor-thread-5068#
[PollExecuteTaskStatusExecution] 6eef0946-771d-497a-857e-87dd2c5623e4 [2026-06-07T21:33:09.234231] "src/gen/data/sap.cap.northwind-Orders.hdbtabledata", (STDOUT, APP/TASK/deploy)#
#2026 06 07 21:33:19.532#Z#DEBUG#45480c39-62b8-11f1-9935-eeee0a9a8a76.approval-inbox-db-deployer#flowable-async-job-executor-thread-5068#
[PollExecuteTaskStatusExecution] 6eef0946-771d-497a-857e-87dd2c5623e4 [2026-06-07T21:33:09.234234] "src/gen/data/sap.cap.northwind-Products.csv", (STDOUT, APP/TASK/deploy)#
#2026 06 07 21:33:19.532#Z#DEBUG#45480c39-62b8-11f1-9935-eeee0a9a8a76.approval-inbox-db-deployer#flowable-async-job-executor-thread-5068#
[PollExecuteTaskStatusExecution] 6eef0946-771d-497a-857e-87dd2c5623e4 [2026-06-07T21:33:09.234237] "src/gen/data/sap.cap.northwind-Products.hdbtabledata", (STDOUT, APP/TASK/deploy)#
#2026 06 07 21:33:19.532#Z#DEBUG#45480c39-62b8-11f1-9935-eeee0a9a8a76.approval-inbox-db-deployer#flowable-async-job-executor-thread-5068#
[PollExecuteTaskStatusExecution] 6eef0946-771d-497a-857e-87dd2c5623e4 [2026-06-07T21:33:09.234240] "src/gen/sap.cap.northwind.Categories.hdbtable", (STDOUT, APP/TASK/deploy)#
#2026 06 07 21:33:19.532#Z#DEBUG#45480c39-62b8-11f1-9935-eeee0a9a8a76.approval-inbox-db-deployer#flowable-async-job-executor-thread-5068#
[PollExecuteTaskStatusExecution] 6eef0946-771d-497a-857e-87dd2c5623e4 [2026-06-07T21:33:09.234243] "src/gen/sap.cap.northwind.Customers.hdbtable", (STDOUT, APP/TASK/deploy)#
#2026 06 07 21:33:19.532#Z#DEBUG#45480c39-62b8-11f1-9935-eeee0a9a8a76.approval-inbox-db-deployer#flowable-async-job-executor-thread-5068#
[PollExecuteTaskStatusExecution] 6eef0946-771d-497a-857e-87dd2c5623e4 [2026-06-07T21:33:09.234246] "src/gen/sap.cap.northwind.OrderItems.hdbtable", (STDOUT, APP/TASK/deploy)#
#2026 06 07 21:33:19.532#Z#DEBUG#45480c39-62b8-11f1-9935-eeee0a9a8a76.approval-inbox-db-deployer#flowable-async-job-executor-thread-5068#
[PollExecuteTaskStatusExecution] 6eef0946-771d-497a-857e-87dd2c5623e4 [2026-06-07T21:33:09.234249] "src/gen/sap.cap.northwind.Orders.hdbtable", (STDOUT, APP/TASK/deploy)#
#2026 06 07 21:33:19.532#Z#DEBUG#45480c39-62b8-11f1-9935-eeee0a9a8a76.approval-inbox-db-deployer#flowable-async-job-executor-thread-5068#
[PollExecuteTaskStatusExecution] 6eef0946-771d-497a-857e-87dd2c5623e4 [2026-06-07T21:33:09.234252] "src/gen/sap.cap.northwind.Products.hdbtable" (STDOUT, APP/TASK/deploy)#
#2026 06 07 21:33:19.532#Z#DEBUG#45480c39-62b8-11f1-9935-eeee0a9a8a76.approval-inbox-db-deployer#flowable-async-job-executor-thread-5068#
[PollExecuteTaskStatusExecution] 6eef0946-771d-497a-857e-87dd2c5623e4 [2026-06-07T21:33:09.234257] ] (STDOUT, APP/TASK/deploy)#
#2026 06 07 21:33:19.532#Z#DEBUG#45480c39-62b8-11f1-9935-eeee0a9a8a76.approval-inbox-db-deployer#flowable-async-job-executor-thread-5068#
[PollExecuteTaskStatusExecution] 6eef0946-771d-497a-857e-87dd2c5623e4 [2026-06-07T21:33:09.234400] 0 modified or added files are scheduled for deploy based on delta detection (STDOUT, APP/TASK/deploy)#
#2026 06 07 21:33:19.532#Z#DEBUG#45480c39-62b8-11f1-9935-eeee0a9a8a76.approval-inbox-db-deployer#flowable-async-job-executor-thread-5068#
[PollExecuteTaskStatusExecution] 6eef0946-771d-497a-857e-87dd2c5623e4 [2026-06-07T21:33:09.234708] 0 deleted files are scheduled for undeploy based on delta detection (filtered by undeploy allowlist) (STDOUT, APP/TASK/deploy)#
#2026 06 07 21:33:19.532#Z#DEBUG#45480c39-62b8-11f1-9935-eeee0a9a8a76.approval-inbox-db-deployer#flowable-async-job-executor-thread-5068#
[PollExecuteTaskStatusExecution] 6eef0946-771d-497a-857e-87dd2c5623e4 [2026-06-07T21:33:09.234941] 0 files are scheduled for deploy based on explicit specification (STDOUT, APP/TASK/deploy)#
#2026 06 07 21:33:19.532#Z#DEBUG#45480c39-62b8-11f1-9935-eeee0a9a8a76.approval-inbox-db-deployer#flowable-async-job-executor-thread-5068#
[PollExecuteTaskStatusExecution] 6eef0946-771d-497a-857e-87dd2c5623e4 [2026-06-07T21:33:09.234953] 0 files are scheduled for undeploy based on explicit specification (STDOUT, APP/TASK/deploy)#
#2026 06 07 21:33:19.532#Z#DEBUG#45480c39-62b8-11f1-9935-eeee0a9a8a76.approval-inbox-db-deployer#flowable-async-job-executor-thread-5068#
[PollExecuteTaskStatusExecution] 6eef0946-771d-497a-857e-87dd2c5623e4 [2026-06-07T21:33:09.235138] Deploying to the container "09FF326E4850441B99A3FBA8B6307C42"... (STDOUT, APP/TASK/deploy)#
#2026 06 07 21:33:19.532#Z#DEBUG#45480c39-62b8-11f1-9935-eeee0a9a8a76.approval-inbox-db-deployer#flowable-async-job-executor-thread-5068#
[PollExecuteTaskStatusExecution] 6eef0946-771d-497a-857e-87dd2c5623e4 [2026-06-07T21:33:09.485663] Polling messages for request id: 66 (STDOUT, APP/TASK/deploy)#
#2026 06 07 21:33:19.532#Z#DEBUG#45480c39-62b8-11f1-9935-eeee0a9a8a76.approval-inbox-db-deployer#flowable-async-job-executor-thread-5068#
[PollExecuteTaskStatusExecution] 6eef0946-771d-497a-857e-87dd2c5623e4 [2026-06-07T21:33:09.497881] Starting make in the container "09FF326E4850441B99A3FBA8B6307C42" with 0 files to deploy, 0 files to undeploy... (STDOUT, APP/TASK/deploy)#
#2026 06 07 21:33:19.532#Z#DEBUG#45480c39-62b8-11f1-9935-eeee0a9a8a76.approval-inbox-db-deployer#flowable-async-job-executor-thread-5068#
[PollExecuteTaskStatusExecution] 6eef0946-771d-497a-857e-87dd2c5623e4 [2026-06-07T21:33:09.497961] Disabling table replication for the container schema "09FF326E4850441B99A3FBA8B6307C42"... (STDOUT, APP/TASK/deploy)#
#2026 06 07 21:33:19.532#Z#DEBUG#45480c39-62b8-11f1-9935-eeee0a9a8a76.approval-inbox-db-deployer#flowable-async-job-executor-thread-5068#
[PollExecuteTaskStatusExecution] 6eef0946-771d-497a-857e-87dd2c5623e4 [2026-06-07T21:33:09.498090] Disabling table replication for the container schema "09FF326E4850441B99A3FBA8B6307C42"... ok (0s 10ms) (STDOUT, APP/TASK/deploy)#
#2026 06 07 21:33:19.532#Z#DEBUG#45480c39-62b8-11f1-9935-eeee0a9a8a76.approval-inbox-db-deployer#flowable-async-job-executor-thread-5068#
[PollExecuteTaskStatusExecution] 6eef0946-771d-497a-857e-87dd2c5623e4 [2026-06-07T21:33:09.498236] Migrating libraries... (STDOUT, APP/TASK/deploy)#
#2026 06 07 21:33:19.532#Z#DEBUG#45480c39-62b8-11f1-9935-eeee0a9a8a76.approval-inbox-db-deployer#flowable-async-job-executor-thread-5068#
[PollExecuteTaskStatusExecution] 6eef0946-771d-497a-857e-87dd2c5623e4 [2026-06-07T21:33:09.498384] Migrating libraries... ok (0s 9ms) (STDOUT, APP/TASK/deploy)#
#2026 06 07 21:33:19.532#Z#DEBUG#45480c39-62b8-11f1-9935-eeee0a9a8a76.approval-inbox-db-deployer#flowable-async-job-executor-thread-5068#
[PollExecuteTaskStatusExecution] 6eef0946-771d-497a-857e-87dd2c5623e4 [2026-06-07T21:33:09.498528] Making... (STDOUT, APP/TASK/deploy)#
#2026 06 07 21:33:19.532#Z#DEBUG#45480c39-62b8-11f1-9935-eeee0a9a8a76.approval-inbox-db-deployer#flowable-async-job-executor-thread-5068#
[PollExecuteTaskStatusExecution] 6eef0946-771d-497a-857e-87dd2c5623e4 [2026-06-07T21:33:09.498661] Preparing... (STDOUT, APP/TASK/deploy)#
#2026 06 07 21:33:19.532#Z#DEBUG#45480c39-62b8-11f1-9935-eeee0a9a8a76.approval-inbox-db-deployer#flowable-async-job-executor-thread-5068#
[PollExecuteTaskStatusExecution] 6eef0946-771d-497a-857e-87dd2c5623e4 [2026-06-07T21:33:09.498796] Preparing... ok (0s 0ms) (STDOUT, APP/TASK/deploy)#
#2026 06 07 21:33:19.532#Z#DEBUG#45480c39-62b8-11f1-9935-eeee0a9a8a76.approval-inbox-db-deployer#flowable-async-job-executor-thread-5068#
[PollExecuteTaskStatusExecution] 6eef0946-771d-497a-857e-87dd2c5623e4 [2026-06-07T21:33:09.498928] Preparing the make transaction... (STDOUT, APP/TASK/deploy)#
#2026 06 07 21:33:19.532#Z#DEBUG#45480c39-62b8-11f1-9935-eeee0a9a8a76.approval-inbox-db-deployer#flowable-async-job-executor-thread-5068#
[PollExecuteTaskStatusExecution] 6eef0946-771d-497a-857e-87dd2c5623e4 [2026-06-07T21:33:09.499200] Preparing the make transaction... ok (0s 7ms) (STDOUT, APP/TASK/deploy)#
#2026 06 07 21:33:19.532#Z#DEBUG#45480c39-62b8-11f1-9935-eeee0a9a8a76.approval-inbox-db-deployer#flowable-async-job-executor-thread-5068#
[PollExecuteTaskStatusExecution] 6eef0946-771d-497a-857e-87dd2c5623e4 [2026-06-07T21:33:09.499342] Calculating dependencies... (STDOUT, APP/TASK/deploy)#
#2026 06 07 21:33:19.532#Z#DEBUG#45480c39-62b8-11f1-9935-eeee0a9a8a76.approval-inbox-db-deployer#flowable-async-job-executor-thread-5068#
[PollExecuteTaskStatusExecution] 6eef0946-771d-497a-857e-87dd2c5623e4 [2026-06-07T21:33:09.499477] Expanding... (STDOUT, APP/TASK/deploy)#
#2026 06 07 21:33:19.532#Z#DEBUG#45480c39-62b8-11f1-9935-eeee0a9a8a76.approval-inbox-db-deployer#flowable-async-job-executor-thread-5068#
[PollExecuteTaskStatusExecution] 6eef0946-771d-497a-857e-87dd2c5623e4 [2026-06-07T21:33:09.499600] Expanding... ok (0s 9ms) (STDOUT, APP/TASK/deploy)#
#2026 06 07 21:33:19.532#Z#DEBUG#45480c39-62b8-11f1-9935-eeee0a9a8a76.approval-inbox-db-deployer#flowable-async-job-executor-thread-5068#
[PollExecuteTaskStatusExecution] 6eef0946-771d-497a-857e-87dd2c5623e4 [2026-06-07T21:33:09.499726] Precompiling... (STDOUT, APP/TASK/deploy)#
#2026 06 07 21:33:19.532#Z#DEBUG#45480c39-62b8-11f1-9935-eeee0a9a8a76.approval-inbox-db-deployer#flowable-async-job-executor-thread-5068#
[PollExecuteTaskStatusExecution] 6eef0946-771d-497a-857e-87dd2c5623e4 [2026-06-07T21:33:09.499851] Precompiling... ok (0s 0ms) (STDOUT, APP/TASK/deploy)#
#2026 06 07 21:33:19.532#Z#DEBUG#45480c39-62b8-11f1-9935-eeee0a9a8a76.approval-inbox-db-deployer#flowable-async-job-executor-thread-5068#
[PollExecuteTaskStatusExecution] 6eef0946-771d-497a-857e-87dd2c5623e4 [2026-06-07T21:33:09.499970] Merging... (STDOUT, APP/TASK/deploy)#
#2026 06 07 21:33:19.532#Z#DEBUG#45480c39-62b8-11f1-9935-eeee0a9a8a76.approval-inbox-db-deployer#flowable-async-job-executor-thread-5068#
[PollExecuteTaskStatusExecution] 6eef0946-771d-497a-857e-87dd2c5623e4 [2026-06-07T21:33:09.500104] Merging... ok (0s 0ms) (STDOUT, APP/TASK/deploy)#
#2026 06 07 21:33:19.532#Z#DEBUG#45480c39-62b8-11f1-9935-eeee0a9a8a76.approval-inbox-db-deployer#flowable-async-job-executor-thread-5068#
[PollExecuteTaskStatusExecution] 6eef0946-771d-497a-857e-87dd2c5623e4 [2026-06-07T21:33:09.500187] Calculating dependencies... ok (0s 9ms) (STDOUT, APP/TASK/deploy)#
#2026 06 07 21:33:19.532#Z#DEBUG#45480c39-62b8-11f1-9935-eeee0a9a8a76.approval-inbox-db-deployer#flowable-async-job-executor-thread-5068#
[PollExecuteTaskStatusExecution] 6eef0946-771d-497a-857e-87dd2c5623e4 [2026-06-07T21:33:09.500273] No make necessary (STDOUT, APP/TASK/deploy)#
#2026 06 07 21:33:19.532#Z#DEBUG#45480c39-62b8-11f1-9935-eeee0a9a8a76.approval-inbox-db-deployer#flowable-async-job-executor-thread-5068#
[PollExecuteTaskStatusExecution] 6eef0946-771d-497a-857e-87dd2c5623e4 [2026-06-07T21:33:09.500401] Making... ok (0s 55ms) (STDOUT, APP/TASK/deploy)#
#2026 06 07 21:33:19.532#Z#DEBUG#45480c39-62b8-11f1-9935-eeee0a9a8a76.approval-inbox-db-deployer#flowable-async-job-executor-thread-5068#
[PollExecuteTaskStatusExecution] 6eef0946-771d-497a-857e-87dd2c5623e4 [2026-06-07T21:33:09.500538] Enabling table replication for the container schema "09FF326E4850441B99A3FBA8B6307C42"... (STDOUT, APP/TASK/deploy)#
#2026 06 07 21:33:19.532#Z#DEBUG#45480c39-62b8-11f1-9935-eeee0a9a8a76.approval-inbox-db-deployer#flowable-async-job-executor-thread-5068#
[PollExecuteTaskStatusExecution] 6eef0946-771d-497a-857e-87dd2c5623e4 [2026-06-07T21:33:09.500669] Enabling table replication for the container schema "09FF326E4850441B99A3FBA8B6307C42"... ok (0s 13ms) (STDOUT, APP/TASK/deploy)#
#2026 06 07 21:33:19.532#Z#DEBUG#45480c39-62b8-11f1-9935-eeee0a9a8a76.approval-inbox-db-deployer#flowable-async-job-executor-thread-5068#
[PollExecuteTaskStatusExecution] 6eef0946-771d-497a-857e-87dd2c5623e4 [2026-06-07T21:33:09.500809] Starting make in the container "09FF326E4850441B99A3FBA8B6307C42" with 0 files to deploy, 0 files to undeploy... ok (0s 92ms) (STDOUT, APP/TASK/deploy)#
#2026 06 07 21:33:19.532#Z#DEBUG#45480c39-62b8-11f1-9935-eeee0a9a8a76.approval-inbox-db-deployer#flowable-async-job-executor-thread-5068#
[PollExecuteTaskStatusExecution] 6eef0946-771d-497a-857e-87dd2c5623e4 [2026-06-07T21:33:09.501310] Deploying to the container "09FF326E4850441B99A3FBA8B6307C42"... ok (0s 266ms) (STDOUT, APP/TASK/deploy)#
#2026 06 07 21:33:19.532#Z#DEBUG#45480c39-62b8-11f1-9935-eeee0a9a8a76.approval-inbox-db-deployer#flowable-async-job-executor-thread-5068#
[PollExecuteTaskStatusExecution] 6eef0946-771d-497a-857e-87dd2c5623e4 [2026-06-07T21:33:09.501948] No default-access-role handling needed; global role "09FF326E4850441B99A3FBA8B6307C42::access_role" will not be adapted (STDOUT, APP/TASK/deploy)#
#2026 06 07 21:33:19.532#Z#DEBUG#45480c39-62b8-11f1-9935-eeee0a9a8a76.approval-inbox-db-deployer#flowable-async-job-executor-thread-5068#
[PollExecuteTaskStatusExecution] 6eef0946-771d-497a-857e-87dd2c5623e4 [2026-06-07T21:33:09.502318] Unlocking the container "09FF326E4850441B99A3FBA8B6307C42"... (STDOUT, APP/TASK/deploy)#
#2026 06 07 21:33:19.532#Z#DEBUG#45480c39-62b8-11f1-9935-eeee0a9a8a76.approval-inbox-db-deployer#flowable-async-job-executor-thread-5068#
[PollExecuteTaskStatusExecution] 6eef0946-771d-497a-857e-87dd2c5623e4 [2026-06-07T21:33:09.502891] Unlocking the container "09FF326E4850441B99A3FBA8B6307C42"... ok (0s 0ms) (STDOUT, APP/TASK/deploy)#
#2026 06 07 21:33:19.532#Z#DEBUG#45480c39-62b8-11f1-9935-eeee0a9a8a76.approval-inbox-db-deployer#flowable-async-job-executor-thread-5068#
[PollExecuteTaskStatusExecution] 6eef0946-771d-497a-857e-87dd2c5623e4 [2026-06-07T21:33:09.503212] Deployment to container 09FF326E4850441B99A3FBA8B6307C42 done [Deployment ID: none]. (STDOUT, APP/TASK/deploy)#
#2026 06 07 21:33:19.532#Z#DEBUG#45480c39-62b8-11f1-9935-eeee0a9a8a76.approval-inbox-db-deployer#flowable-async-job-executor-thread-5068#
[PollExecuteTaskStatusExecution] 6eef0946-771d-497a-857e-87dd2c5623e4 [2026-06-07T21:33:09.503927] Deployment ended at 2026-06-07 21:33:09 (STDOUT, APP/TASK/deploy)#
#2026 06 07 21:33:19.532#Z#DEBUG#45480c39-62b8-11f1-9935-eeee0a9a8a76.approval-inbox-db-deployer#flowable-async-job-executor-thread-5068#
[PollExecuteTaskStatusExecution] 6eef0946-771d-497a-857e-87dd2c5623e4 [2026-06-07T21:33:09.504509] (2s 21ms) (STDOUT, APP/TASK/deploy)#
#2026 06 07 21:33:19.532#Z#DEBUG#45480c39-62b8-11f1-9935-eeee0a9a8a76.approval-inbox-db-deployer#flowable-async-job-executor-thread-5068#
[PollExecuteTaskStatusExecution] 6eef0946-771d-497a-857e-87dd2c5623e4 [2026-06-07T21:33:09.520489] npm notice (STDERR, APP/TASK/deploy)#
#2026 06 07 21:33:19.532#Z#DEBUG#45480c39-62b8-11f1-9935-eeee0a9a8a76.approval-inbox-db-deployer#flowable-async-job-executor-thread-5068#
[PollExecuteTaskStatusExecution] 6eef0946-771d-497a-857e-87dd2c5623e4 [2026-06-07T21:33:09.520513] npm notice New major version of npm available! 10.9.4 -> 11.16.0 (STDERR, APP/TASK/deploy)#
#2026 06 07 21:33:19.532#Z#DEBUG#45480c39-62b8-11f1-9935-eeee0a9a8a76.approval-inbox-db-deployer#flowable-async-job-executor-thread-5068#
[PollExecuteTaskStatusExecution] 6eef0946-771d-497a-857e-87dd2c5623e4 [2026-06-07T21:33:09.520518] npm notice Changelog: https://github.com/npm/cli/releases/tag/v11.16.0 (STDERR, APP/TASK/deploy)#
#2026 06 07 21:33:19.532#Z#DEBUG#45480c39-62b8-11f1-9935-eeee0a9a8a76.approval-inbox-db-deployer#flowable-async-job-executor-thread-5068#
[PollExecuteTaskStatusExecution] 6eef0946-771d-497a-857e-87dd2c5623e4 [2026-06-07T21:33:09.520524] npm notice To update run: npm install -g npm@11.16.0 (STDERR, APP/TASK/deploy)#
#2026 06 07 21:33:19.532#Z#DEBUG#45480c39-62b8-11f1-9935-eeee0a9a8a76.approval-inbox-db-deployer#flowable-async-job-executor-thread-5068#
[PollExecuteTaskStatusExecution] 6eef0946-771d-497a-857e-87dd2c5623e4 [2026-06-07T21:33:09.520529] npm notice (STDERR, APP/TASK/deploy)#
#2026 06 07 21:33:19.532#Z#DEBUG#45480c39-62b8-11f1-9935-eeee0a9a8a76.approval-inbox-db-deployer#flowable-async-job-executor-thread-5068#
[PollExecuteTaskStatusExecution] 6eef0946-771d-497a-857e-87dd2c5623e4 [2026-06-07T21:33:09.611783] Exit status 0 (STDOUT, APP/TASK/deploy)#
#2026 06 07 21:33:19.532#Z#DEBUG#45480c39-62b8-11f1-9935-eeee0a9a8a76.approval-inbox-db-deployer#flowable-async-job-executor-thread-5068#
[PollExecuteTaskStatusExecution] 6eef0946-771d-497a-857e-87dd2c5623e4 [2026-06-07T21:33:10.545772] Cell 54b50d35-322b-4617-baa3-c13476b47cb5 stopping instance 627849e8-a916-4d80-bec0-58fe0b27d125 (STDOUT, CELL)#
#2026 06 07 21:33:19.532#Z#DEBUG#45480c39-62b8-11f1-9935-eeee0a9a8a76.approval-inbox-db-deployer#flowable-async-job-executor-thread-5068#
[PollExecuteTaskStatusExecution] 6eef0946-771d-497a-857e-87dd2c5623e4 [2026-06-07T21:33:10.545813] Cell 54b50d35-322b-4617-baa3-c13476b47cb5 destroying container for instance 627849e8-a916-4d80-bec0-58fe0b27d125 (STDOUT, CELL)#
#2026 06 07 21:33:19.532#Z#DEBUG#45480c39-62b8-11f1-9935-eeee0a9a8a76.approval-inbox-db-deployer#flowable-async-job-executor-thread-5068#
[PollExecuteTaskStatusExecution] 6eef0946-771d-497a-857e-87dd2c5623e4 [2026-06-07T21:33:14.620706] Cell 54b50d35-322b-4617-baa3-c13476b47cb5 successfully destroyed container for instance 627849e8-a916-4d80-bec0-58fe0b27d125 (STDOUT, CELL)#
